fiber 3 0 7/6 radius 1/24 center (Fraction(17, 24), Fraction(1, 4), Fraction(0, 1), Fraction(1, 24))
fiber 3 0 5/3 radius 1/12 center (Fraction(5, 12), Fraction(0, 1), Fraction(1, 2), Fraction(1, 12))
fiber 3 0 5/2 radius 1/24 center (Fraction(1, 8), Fraction(0, 1), Fraction(1, 4), Fraction(5, 8))
fiber 3 1/10 7/6 radius 11/252 center (Fraction(179, 252), Fraction(1, 4), Fraction(0, 1), Fraction(5, 126))
fiber 3 1/10 5/3 radius 23/252 center (Fraction(145, 336), Fraction(0, 1), Fraction(23, 48), Fraction(5, 56))
fiber 3 1/10 51/20 radius 1/21 center (Fraction(11, 84), Fraction(0, 1), Fraction(1, 4), Fraction(13, 21))
fiber 3 4 7/6 radius 5/72 center (Fraction(185, 216), Fraction(0, 1), Fraction(5, 36), Fraction(1, 216))
fiber 3 4 5/3 radius 7/36 center (Fraction(61, 108), Fraction(0, 1), Fraction(7, 18), Fraction(5, 108))
fiber 3 4 9/2 radius 1/8 center (Fraction(0, 1), Fraction(45, 104), Fraction(1, 104), Fraction(29, 52))
fiber 4 0 9/8 radius 1/24 center (Fraction(101, 120), Fraction(0, 1), Fraction(3, 20), Fraction(0, 1), Fraction(1, 120))
fiber 4 0 35/24 radius 1/9 center (Fraction(193, 360), Fraction(0, 1), Fraction(2, 5), Fraction(0, 1), Fraction(23, 360))
fiber 4 0 25/12 radius 19/144 center (Fraction(3, 8), Fraction(0, 1), Fraction(0, 1), Fraction(19, 36), Fraction(7, 72))
fiber 4 0 13/4 radius 1/16 center (Fraction(1, 8), Fraction(0, 1), Fraction(0, 1), Fraction(1, 4), Fraction(5, 8))
fiber 4 1/10 9/8 radius 21/496 center (Fraction(11081, 13144), Fraction(0, 1), Fraction(63, 424), Fraction(0, 1), Fraction(55, 6572))
fiber 4 1/10 35/24 radius 169/1488 center (Fraction(21265, 39432), Fraction(0, 1), Fraction(169, 424), Fraction(0, 1), Fraction(1225, 19716))
fiber 4 1/10 25/12 radius 205/1488 center (Fraction(2353, 6138), Fraction(0, 1), Fraction(0, 1), Fraction(205, 396), Fraction(135, 1364))
fiber 4 1/10 33/10 radius 33/496 center (Fraction(4, 31), Fraction(0, 1), Fraction(0, 1), Fraction(1, 4), Fraction(77, 124))
fiber 4 4 9/8 radius 3/56 center (Fraction(821, 952), Fraction(0, 1), Fraction(9, 68), Fraction(0, 1), Fraction(5, 952))
fiber 4 4 35/24 radius 13/84 center (Fraction(1783, 2520), Fraction(0, 1), Fraction(0, 1), Fraction(13, 45), Fraction(1, 280))
fiber 4 4 25/12 radius 79/336 center (Fraction(0, 1), Fraction(97, 126), Fraction(0, 1), Fraction(11, 84), Fraction(25, 252))
fiber 4 4 21/4 radius 15/112 center (Fraction(0, 1), Fraction(55, 182), Fraction(0, 1), Fraction(47, 364), Fraction(207, 364))
fiber 5 0 11/10 radius 3/80 center (Fraction(753, 880), Fraction(0, 1), Fraction(3, 22), Fraction(0, 1), Fraction(0, 1), Fraction(7, 880))
fiber 5 0 27/20 radius 17/160 center (Fraction(767, 1120), Fraction(0, 1), Fraction(0, 1), Fraction(17, 56), Fraction(0, 1), Fraction(13, 1120))
fiber 5 0 7/4 radius 5/32 center (Fraction(0, 1), Fraction(265, 336), Fraction(0, 1), Fraction(0, 1), Fraction(85, 672), Fraction(19, 224))
fiber 5 0 5/2 radius 13/80 center (Fraction(17, 48), Fraction(0, 1), Fraction(0, 1), Fraction(0, 1), Fraction(13, 24), Fraction(5, 48))
fiber 5 0 4 radius 3/40 center (Fraction(1, 8), Fraction(0, 1), Fraction(0, 1), Fraction(0, 1), Fraction(1, 4), Fraction(5, 8))
fiber 5 1/10 11/10 radius 31/820 center (Fraction(667, 779), Fraction(0, 1), Fraction(31, 228), Fraction(0, 1), Fraction(0, 1), Fraction(73, 9348))
fiber 5 1/10 27/20 radius 22/205 center (Fraction(4111, 5986), Fraction(0, 1), Fraction(0, 1), Fraction(22, 73), Fraction(0, 1), Fraction(71, 5986))
fiber 5 1/10 7/4 radius 13/82 center (Fraction(0, 1), Fraction(2923, 3690), Fraction(0, 1), Fraction(0, 1), Fraction(229, 1845), Fraction(103, 1230))
fiber 5 1/10 5/2 radius 137/820 center (Fraction(0, 1), Fraction(3779, 7380), Fraction(0, 1), Fraction(0, 1), Fraction(2119, 7380), Fraction(247, 1230))
fiber 5 1/10 81/20 radius 16/205 center (Fraction(21, 164), Fraction(0, 1), Fraction(0, 1), Fraction(0, 1), Fraction(1, 4), Fraction(51, 82))
fiber 5 4 11/10 radius 7/160 center (Fraction(2757, 3040), Fraction(0, 1), Fraction(0, 1), Fraction(7, 76), Fraction(0, 1), Fraction(3, 3040))
fiber 5 4 27/20 radius 41/320 center (Fraction(4379, 6080), Fraction(0, 1), Fraction(0, 1), Fraction(41, 152), Fraction(0, 1), Fraction(61, 6080))
fiber 5 4 7/4 radius 13/64 center (Fraction(0, 1), Fraction(2215, 2592), Fraction(0, 1), Fraction(0, 1), Fraction(505, 5184), Fraction(83, 1728))
fiber 5 4 5/2 radius 41/160 center (Fraction(0, 1), Fraction(815, 1296), Fraction(0, 1), Fraction(0, 1), Fraction(689, 2592), Fraction(91, 864))
fiber 5 4 6 radius 11/80 center (Fraction(0, 1), Fraction(55, 216), Fraction(0, 1), Fraction(0, 1), Fraction(73, 432), Fraction(83, 144))
fiber 6 0 13/12 radius 1/30 center (Fraction(379, 420), Fraction(0, 1), Fraction(0, 1), Fraction(2, 21), Fraction(0, 1), Fraction(0, 1), Fraction(1, 420))
fiber 6 0 77/60 radius 29/300 center (Fraction(124, 175), Fraction(0, 1), Fraction(0, 1), Fraction(29, 105), Fraction(0, 1), Fraction(0, 1), Fraction(8, 525))
fiber 6 0 63/40 radius 181/1200 center (Fraction(0, 1), Fraction(1581, 1840), Fraction(0, 1), Fraction(0, 1), Fraction(0, 1), Fraction(1001, 9200), Fraction(147, 4600))
fiber 6 0 49/24 radius 3/16 center (Fraction(0, 1), Fraction(245, 368), Fraction(0, 1), Fraction(0, 1), Fraction(0, 1), Fraction(109, 368), Fraction(7, 184))
fiber 6 0 35/12 radius 11/60 center (Fraction(0, 1), Fraction(41, 92), Fraction(0, 1), Fraction(0, 1), Fraction(0, 1), Fraction(171, 460), Fraction(21, 115))
fiber 6 0 19/4 radius 1/12 center (Fraction(1, 8), Fraction(0, 1), Fraction(0, 1), Fraction(0, 1), Fraction(0, 1), Fraction(1, 4), Fraction(5, 8))
fiber 6 1/10 13/12 radius 41/1224 center (Fraction(13259, 14688), Fraction(0, 1), Fraction(0, 1), Fraction(41, 432), Fraction(0, 1), Fraction(0, 1), Fraction(35, 14688))
fiber 6 1/10 77/60 radius 7/72 center (Fraction(613, 864), Fraction(0, 1), Fraction(0, 1), Fraction(119, 432), Fraction(0, 1), Fraction(0, 1), Fraction(13, 864))
fiber 6 1/10 63/40 radius 31/204 center (Fraction(0, 1), Fraction(14169, 16456), Fraction(0, 1), Fraction(0, 1), Fraction(0, 1), Fraction(1755, 16456), Fraction(133, 4114))
fiber 6 1/10 49/24 radius 29/153 center (Fraction(0, 1), Fraction(11013, 16456), Fraction(0, 1), Fraction(0, 1), Fraction(0, 1), Fraction(14369, 49368), Fraction(245, 6171))
fiber 6 1/10 35/12 radius 229/1224 center (Fraction(0, 1), Fraction(927, 2057), Fraction(0, 1), Fraction(0, 1), Fraction(0, 1), Fraction(9115, 24684), Fraction(4445, 24684))
fiber 6 1/10 24/5 radius 35/408 center (Fraction(13, 102), Fraction(0, 1), Fraction(0, 1), Fraction(0, 1), Fraction(0, 1), Fraction(1, 4), Fraction(127, 204))
fiber 6 4 13/12 radius 1/27 center (Fraction(491, 540), Fraction(0, 1), Fraction(0, 1), Fraction(4, 45), Fraction(0, 1), Fraction(0, 1), Fraction(1, 540))
fiber 6 4 77/60 radius 59/540 center (Fraction(1193, 1512), Fraction(0, 1), Fraction(0, 1), Fraction(0, 1), Fraction(59, 280), Fraction(0, 1), Fraction(1, 3780))
fiber 6 4 63/40 radius 127/720 center (Fraction(0, 1), Fraction(5089, 5680), Fraction(0, 1), Fraction(0, 1), Fraction(0, 1), Fraction(1339, 17040), Fraction(217, 8520))
fiber 6 4 49/24 radius 101/432 center (Fraction(0, 1), Fraction(2507, 3408), Fraction(0, 1), Fraction(0, 1), Fraction(0, 1), Fraction(2297, 10224), Fraction(203, 5112))
fiber 6 4 35/12 radius 29/108 center (Fraction(0, 1), Fraction(0, 1), Fraction(2365, 3132), Fraction(0, 1), Fraction(0, 1), Fraction(71, 783), Fraction(161, 1044))
fiber 6 4 27/4 radius 5/36 center (Fraction(0, 1), Fraction(65, 284), Fraction(0, 1), Fraction(0, 1), Fraction(0, 1), Fraction(161, 852), Fraction(124, 213))
No coherence penalty in 54 exact fibers. No universal claim.
