{"local_units":369343,"purchases":16,"run_id":"cold_mixed__finite_uniform__seed11__pricefixed","status":"success"}
{"local_units":557127,"purchases":16,"run_id":"cold_mixed__value_uniform__seed11__pricefixed","status":"success"}
{"local_units":425658,"purchases":16,"run_id":"cold_mixed__value_uniform_hashed__seed11__pricefixed","status":"success"}
{"local_units":247426,"purchases":16,"run_id":"cold_mixed__finite_tickets__seed11__pricefixed","status":"success"}
{"local_units":397168,"purchases":16,"run_id":"cold_mixed__value_tickets__seed11__pricefixed","status":"success"}
{"local_units":299162,"purchases":16,"run_id":"cold_mixed__value_tickets_hashed__seed11__pricefixed","status":"success"}
{"local_units":1610418,"purchases":16,"run_id":"cold_mixed__finite_uniform_enumeration__seed11__pricefixed","status":"success"}
{"local_units":545553,"purchases":16,"run_id":"cold_mixed__probability_cost__seed11__pricefixed","status":"success"}
{"local_units":2806438,"purchases":84,"run_id":"cold_mixed__ordinary_combo__seed11__price0","status":"success"}
{"local_units":2408861,"purchases":84,"run_id":"cold_mixed__ordinary_combo_hashed__seed11__price0","status":"success"}
{"local_units":1200484,"purchases":62,"run_id":"cold_mixed__ordinary_combo__seed11__price1_100000","status":"success"}
{"local_units":1018527,"purchases":62,"run_id":"cold_mixed__ordinary_combo_hashed__seed11__price1_100000","status":"success"}
{"local_units":766819,"purchases":23,"run_id":"cold_mixed__ordinary_combo__seed11__price1_10000","status":"success"}
{"local_units":677357,"purchases":23,"run_id":"cold_mixed__ordinary_combo_hashed__seed11__price1_10000","status":"success"}
{"local_units":692450,"purchases":15,"run_id":"cold_mixed__ordinary_combo__seed11__price1_1000","status":"success"}
{"local_units":644504,"purchases":15,"run_id":"cold_mixed__ordinary_combo_hashed__seed11__price1_1000","status":"success"}
{"local_units":691667,"purchases":15,"run_id":"cold_mixed__ordinary_combo__seed11__price1_100","status":"success"}
{"local_units":644123,"purchases":15,"run_id":"cold_mixed__ordinary_combo_hashed__seed11__price1_100","status":"success"}
{"local_units":1361088,"purchases":16,"run_id":"cold_mixed__finite_uniform__seed29__pricefixed","status":"success"}
{"local_units":1552934,"purchases":16,"run_id":"cold_mixed__value_uniform__seed29__pricefixed","status":"success"}
{"local_units":1416682,"purchases":16,"run_id":"cold_mixed__value_uniform_hashed__seed29__pricefixed","status":"success"}
{"local_units":1327176,"purchases":16,"run_id":"cold_mixed__finite_tickets__seed29__pricefixed","status":"success"}
{"local_units":1503312,"purchases":16,"run_id":"cold_mixed__value_tickets__seed29__pricefixed","status":"success"}
{"local_units":1381076,"purchases":16,"run_id":"cold_mixed__value_tickets_hashed__seed29__pricefixed","status":"success"}
{"local_units":2893899,"purchases":16,"run_id":"cold_mixed__finite_uniform_enumeration__seed29__pricefixed","status":"success"}
{"local_units":221765,"purchases":16,"run_id":"cold_mixed__probability_cost__seed29__pricefixed","status":"success"}
{"local_units":2809833,"purchases":84,"run_id":"cold_mixed__ordinary_combo__seed29__price0","status":"success"}
{"local_units":2412256,"purchases":84,"run_id":"cold_mixed__ordinary_combo_hashed__seed29__price0","status":"success"}
{"local_units":792182,"purchases":57,"run_id":"cold_mixed__ordinary_combo__seed29__price1_100000","status":"success"}
{"local_units":632305,"purchases":57,"run_id":"cold_mixed__ordinary_combo_hashed__seed29__price1_100000","status":"success"}
{"local_units":431799,"purchases":23,"run_id":"cold_mixed__ordinary_combo__seed29__price1_10000","status":"success"}
{"local_units":347628,"purchases":23,"run_id":"cold_mixed__ordinary_combo_hashed__seed29__price1_10000","status":"success"}
{"local_units":365894,"purchases":15,"run_id":"cold_mixed__ordinary_combo__seed29__price1_1000","status":"success"}
{"local_units":320461,"purchases":15,"run_id":"cold_mixed__ordinary_combo_hashed__seed29__price1_1000","status":"success"}
{"local_units":356377,"purchases":14,"run_id":"cold_mixed__ordinary_combo__seed29__price1_100","status":"success"}
{"local_units":318372,"purchases":14,"run_id":"cold_mixed__ordinary_combo_hashed__seed29__price1_100","status":"success"}
{"local_units":345563,"purchases":16,"run_id":"cold_mixed__finite_uniform__seed47__pricefixed","status":"success"}
{"local_units":546735,"purchases":16,"run_id":"cold_mixed__value_uniform__seed47__pricefixed","status":"success"}
{"local_units":401100,"purchases":16,"run_id":"cold_mixed__value_uniform_hashed__seed47__pricefixed","status":"success"}
{"local_units":690249,"purchases":16,"run_id":"cold_mixed__finite_tickets__seed47__pricefixed","status":"success"}
{"local_units":892529,"purchases":16,"run_id":"cold_mixed__value_tickets__seed47__pricefixed","status":"success"}
{"local_units":745359,"purchases":16,"run_id":"cold_mixed__value_tickets_hashed__seed47__pricefixed","status":"success"}
{"local_units":2028670,"purchases":16,"run_id":"cold_mixed__finite_uniform_enumeration__seed47__pricefixed","status":"success"}
{"local_units":1322965,"purchases":16,"run_id":"cold_mixed__probability_cost__seed47__pricefixed","status":"success"}
{"local_units":2794004,"purchases":82,"run_id":"cold_mixed__ordinary_combo__seed47__price0","status":"success"}
{"local_units":2396427,"purchases":82,"run_id":"cold_mixed__ordinary_combo_hashed__seed47__price0","status":"success"}
{"local_units":1924513,"purchases":59,"run_id":"cold_mixed__ordinary_combo__seed47__price1_100000","status":"success"}
{"local_units":1738526,"purchases":59,"run_id":"cold_mixed__ordinary_combo_hashed__seed47__price1_100000","status":"success"}
{"local_units":1534890,"purchases":22,"run_id":"cold_mixed__ordinary_combo__seed47__price1_10000","status":"success"}
{"local_units":1444300,"purchases":22,"run_id":"cold_mixed__ordinary_combo_hashed__seed47__price1_10000","status":"success"}
{"local_units":1487469,"purchases":17,"run_id":"cold_mixed__ordinary_combo__seed47__price1_1000","status":"success"}
{"local_units":1423765,"purchases":17,"run_id":"cold_mixed__ordinary_combo_hashed__seed47__price1_1000","status":"success"}
{"local_units":1477424,"purchases":16,"run_id":"cold_mixed__ordinary_combo__seed47__price1_100","status":"success"}
{"local_units":1421512,"purchases":16,"run_id":"cold_mixed__ordinary_combo_hashed__seed47__price1_100","status":"success"}
{"local_units":145055,"purchases":64,"run_id":"cold_mixed__proof_enumeration__seed11__pricefixed","status":"success"}
{"local_units":128741,"purchases":64,"run_id":"cold_mixed__proof_dpll__seed11__pricefixed","status":"success"}
{"local_units":7026038,"purchases":64,"run_id":"cold_mixed__exact_enumeration__seed11__pricefixed","status":"success"}
{"local_units":2009348,"purchases":64,"run_id":"cold_mixed__exact_dpll__seed11__pricefixed","status":"success"}
{"local_units":2517921,"purchases":56,"run_id":"cold_mixed__exact_cache__seed11__pricefixed","status":"success"}
{"local_units":2120344,"purchases":56,"run_id":"cold_mixed__exact_cache_hashed__seed11__pricefixed","status":"success"}
{"local_units":14538,"purchases":0,"run_id":"cold_mixed__no_compute_0__seed11__pricefixed","status":"success"}
{"local_units":14538,"purchases":0,"run_id":"cold_mixed__no_compute_1__seed11__pricefixed","status":"success"}
{"local_units":2905607,"purchases":32,"run_id":"repeat_online__finite_uniform__seed11__pricefixed","status":"success"}
{"local_units":3523846,"purchases":32,"run_id":"repeat_online__value_uniform__seed11__pricefixed","status":"success"}
{"local_units":3039592,"purchases":32,"run_id":"repeat_online__value_uniform_hashed__seed11__pricefixed","status":"success"}
{"local_units":526319,"purchases":32,"run_id":"repeat_online__finite_tickets__seed11__pricefixed","status":"success"}
{"local_units":942994,"purchases":32,"run_id":"repeat_online__value_tickets__seed11__pricefixed","status":"success"}
{"local_units":641839,"purchases":32,"run_id":"repeat_online__value_tickets_hashed__seed11__pricefixed","status":"success"}
{"local_units":6692243,"purchases":32,"run_id":"repeat_online__finite_uniform_enumeration__seed11__pricefixed","status":"success"}
{"local_units":2274379,"purchases":32,"run_id":"repeat_online__probability_cost__seed11__pricefixed","status":"success"}
{"local_units":2414668,"purchases":41,"run_id":"repeat_online__ordinary_combo__seed11__price0","status":"success"}
{"local_units":2189022,"purchases":41,"run_id":"repeat_online__ordinary_combo_hashed__seed11__price0","status":"success"}
{"local_units":2387196,"purchases":44,"run_id":"repeat_online__ordinary_combo__seed11__price1_100000","status":"success"}
{"local_units":2192224,"purchases":44,"run_id":"repeat_online__ordinary_combo_hashed__seed11__price1_100000","status":"success"}
{"local_units":2196382,"purchases":22,"run_id":"repeat_online__ordinary_combo__seed11__price1_10000","status":"success"}
{"local_units":2046077,"purchases":22,"run_id":"repeat_online__ordinary_combo_hashed__seed11__price1_10000","status":"success"}
{"local_units":2156152,"purchases":20,"run_id":"repeat_online__ordinary_combo__seed11__price1_1000","status":"success"}
{"local_units":2031763,"purchases":20,"run_id":"repeat_online__ordinary_combo_hashed__seed11__price1_1000","status":"success"}
{"local_units":2155558,"purchases":20,"run_id":"repeat_online__ordinary_combo__seed11__price1_100","status":"success"}
{"local_units":2031394,"purchases":20,"run_id":"repeat_online__ordinary_combo_hashed__seed11__price1_100","status":"success"}
{"local_units":3166666,"purchases":32,"run_id":"repeat_online__finite_uniform__seed29__pricefixed","status":"success"}
{"local_units":3703161,"purchases":32,"run_id":"repeat_online__value_uniform__seed29__pricefixed","status":"success"}
{"local_units":3299919,"purchases":32,"run_id":"repeat_online__value_uniform_hashed__seed29__pricefixed","status":"success"}
{"local_units":1584211,"purchases":32,"run_id":"repeat_online__finite_tickets__seed29__pricefixed","status":"success"}
{"local_units":2017138,"purchases":32,"run_id":"repeat_online__value_tickets__seed29__pricefixed","status":"success"}
{"local_units":1700831,"purchases":32,"run_id":"repeat_online__value_tickets_hashed__seed29__pricefixed","status":"success"}
{"local_units":7346922,"purchases":32,"run_id":"repeat_online__finite_uniform_enumeration__seed29__pricefixed","status":"success"}
{"local_units":2178563,"purchases":32,"run_id":"repeat_online__probability_cost__seed29__pricefixed","status":"success"}
{"local_units":2425760,"purchases":43,"run_id":"repeat_online__ordinary_combo__seed29__price0","status":"success"}
{"local_units":2200114,"purchases":43,"run_id":"repeat_online__ordinary_combo_hashed__seed29__price0","status":"success"}
{"local_units":2404432,"purchases":45,"run_id":"repeat_online__ordinary_combo__seed29__price1_100000","status":"success"}
{"local_units":2209990,"purchases":45,"run_id":"repeat_online__ordinary_combo_hashed__seed29__price1_100000","status":"success"}
{"local_units":2151623,"purchases":22,"run_id":"repeat_online__ordinary_combo__seed29__price1_10000","status":"success"}
{"local_units":2011115,"purchases":22,"run_id":"repeat_online__ordinary_combo_hashed__seed29__price1_10000","status":"success"}
{"local_units":2115962,"purchases":20,"run_id":"repeat_online__ordinary_combo__seed29__price1_1000","status":"success"}
{"local_units":1998906,"purchases":20,"run_id":"repeat_online__ordinary_combo_hashed__seed29__price1_1000","status":"success"}
{"local_units":2111684,"purchases":20,"run_id":"repeat_online__ordinary_combo__seed29__price1_100","status":"success"}
{"local_units":1997989,"purchases":20,"run_id":"repeat_online__ordinary_combo_hashed__seed29__price1_100","status":"success"}
{"local_units":545523,"purchases":32,"run_id":"repeat_online__finite_uniform__seed47__pricefixed","status":"success"}
{"local_units":1054822,"purchases":32,"run_id":"repeat_online__value_uniform__seed47__pricefixed","status":"success"}
{"local_units":669757,"purchases":32,"run_id":"repeat_online__value_uniform_hashed__seed47__pricefixed","status":"success"}
{"local_units":1285415,"purchases":32,"run_id":"repeat_online__finite_tickets__seed47__pricefixed","status":"success"}
{"local_units":1824639,"purchases":32,"run_id":"repeat_online__value_tickets__seed47__pricefixed","status":"success"}
{"local_units":1410872,"purchases":32,"run_id":"repeat_online__value_tickets_hashed__seed47__pricefixed","status":"success"}
{"local_units":3279471,"purchases":32,"run_id":"repeat_online__finite_uniform_enumeration__seed47__pricefixed","status":"success"}
{"local_units":1836878,"purchases":32,"run_id":"repeat_online__probability_cost__seed47__pricefixed","status":"success"}
{"local_units":2416906,"purchases":42,"run_id":"repeat_online__ordinary_combo__seed47__price0","status":"success"}
{"local_units":2191260,"purchases":42,"run_id":"repeat_online__ordinary_combo_hashed__seed47__price0","status":"success"}
{"local_units":2372165,"purchases":41,"run_id":"repeat_online__ordinary_combo__seed47__price1_100000","status":"success"}
{"local_units":2175825,"purchases":41,"run_id":"repeat_online__ordinary_combo_hashed__seed47__price1_100000","status":"success"}
{"local_units":2143226,"purchases":21,"run_id":"repeat_online__ordinary_combo__seed47__price1_10000","status":"success"}
{"local_units":1991579,"purchases":21,"run_id":"repeat_online__ordinary_combo_hashed__seed47__price1_10000","status":"success"}
{"local_units":2120868,"purchases":20,"run_id":"repeat_online__ordinary_combo__seed47__price1_1000","status":"success"}
{"local_units":1984351,"purchases":20,"run_id":"repeat_online__ordinary_combo_hashed__seed47__price1_1000","status":"success"}
{"local_units":2111592,"purchases":19,"run_id":"repeat_online__ordinary_combo__seed47__price1_100","status":"success"}
{"local_units":1981320,"purchases":19,"run_id":"repeat_online__ordinary_combo_hashed__seed47__price1_100","status":"success"}
{"local_units":286948,"purchases":128,"run_id":"repeat_online__proof_enumeration__seed11__pricefixed","status":"success"}
{"local_units":266812,"purchases":128,"run_id":"repeat_online__proof_dpll__seed11__pricefixed","status":"success"}
{"local_units":18963792,"purchases":128,"run_id":"repeat_online__exact_enumeration__seed11__pricefixed","status":"success"}
{"local_units":6731428,"purchases":128,"run_id":"repeat_online__exact_dpll__seed11__pricefixed","status":"success"}
{"local_units":2100131,"purchases":28,"run_id":"repeat_online__exact_cache__seed11__pricefixed","status":"success"}
{"local_units":1874485,"purchases":28,"run_id":"repeat_online__exact_cache_hashed__seed11__pricefixed","status":"success"}
{"local_units":28944,"purchases":0,"run_id":"repeat_online__no_compute_0__seed11__pricefixed","status":"success"}
{"local_units":28944,"purchases":0,"run_id":"repeat_online__no_compute_1__seed11__pricefixed","status":"success"}
{"local_units":52629,"purchases":16,"run_id":"cheap_structure__finite_uniform__seed11__pricefixed","status":"success"}
{"local_units":65478,"purchases":16,"run_id":"cheap_structure__value_uniform__seed11__pricefixed","status":"success"}
{"local_units":68480,"purchases":16,"run_id":"cheap_structure__value_uniform_hashed__seed11__pricefixed","status":"success"}
{"local_units":58096,"purchases":16,"run_id":"cheap_structure__finite_tickets__seed11__pricefixed","status":"success"}
{"local_units":69575,"purchases":16,"run_id":"cheap_structure__value_tickets__seed11__pricefixed","status":"success"}
{"local_units":72801,"purchases":16,"run_id":"cheap_structure__value_tickets_hashed__seed11__pricefixed","status":"success"}
{"local_units":1831157,"purchases":16,"run_id":"cheap_structure__finite_uniform_enumeration__seed11__pricefixed","status":"success"}
{"local_units":44164,"purchases":16,"run_id":"cheap_structure__probability_cost__seed11__pricefixed","status":"success"}
{"local_units":59620,"purchases":4,"run_id":"cheap_structure__ordinary_combo__seed11__price0","status":"success"}
{"local_units":62519,"purchases":4,"run_id":"cheap_structure__ordinary_combo_hashed__seed11__price0","status":"success"}
{"local_units":59620,"purchases":4,"run_id":"cheap_structure__ordinary_combo__seed11__price1_100000","status":"success"}
{"local_units":62519,"purchases":4,"run_id":"cheap_structure__ordinary_combo_hashed__seed11__price1_100000","status":"success"}
{"local_units":59127,"purchases":4,"run_id":"cheap_structure__ordinary_combo__seed11__price1_10000","status":"success"}
{"local_units":62016,"purchases":4,"run_id":"cheap_structure__ordinary_combo_hashed__seed11__price1_10000","status":"success"}
{"local_units":57575,"purchases":4,"run_id":"cheap_structure__ordinary_combo__seed11__price1_1000","status":"success"}
{"local_units":60498,"purchases":4,"run_id":"cheap_structure__ordinary_combo_hashed__seed11__price1_1000","status":"success"}
{"local_units":57575,"purchases":4,"run_id":"cheap_structure__ordinary_combo__seed11__price1_100","status":"success"}
{"local_units":60498,"purchases":4,"run_id":"cheap_structure__ordinary_combo_hashed__seed11__price1_100","status":"success"}
{"local_units":54565,"purchases":16,"run_id":"cheap_structure__finite_uniform__seed29__pricefixed","status":"success"}
{"local_units":67645,"purchases":16,"run_id":"cheap_structure__value_uniform__seed29__pricefixed","status":"success"}
{"local_units":70407,"purchases":16,"run_id":"cheap_structure__value_uniform_hashed__seed29__pricefixed","status":"success"}
{"local_units":56200,"purchases":16,"run_id":"cheap_structure__finite_tickets__seed29__pricefixed","status":"success"}
{"local_units":68832,"purchases":16,"run_id":"cheap_structure__value_tickets__seed29__pricefixed","status":"success"}
{"local_units":71657,"purchases":16,"run_id":"cheap_structure__value_tickets_hashed__seed29__pricefixed","status":"success"}
{"local_units":1561397,"purchases":16,"run_id":"cheap_structure__finite_uniform_enumeration__seed29__pricefixed","status":"success"}
{"local_units":44324,"purchases":16,"run_id":"cheap_structure__probability_cost__seed29__pricefixed","status":"success"}
{"local_units":59620,"purchases":4,"run_id":"cheap_structure__ordinary_combo__seed29__price0","status":"success"}
{"local_units":62519,"purchases":4,"run_id":"cheap_structure__ordinary_combo_hashed__seed29__price0","status":"success"}
{"local_units":59620,"purchases":4,"run_id":"cheap_structure__ordinary_combo__seed29__price1_100000","status":"success"}
{"local_units":62519,"purchases":4,"run_id":"cheap_structure__ordinary_combo_hashed__seed29__price1_100000","status":"success"}
{"local_units":58224,"purchases":4,"run_id":"cheap_structure__ordinary_combo__seed29__price1_10000","status":"success"}
{"local_units":61058,"purchases":4,"run_id":"cheap_structure__ordinary_combo_hashed__seed29__price1_10000","status":"success"}
{"local_units":57186,"purchases":4,"run_id":"cheap_structure__ordinary_combo__seed29__price1_1000","status":"success"}
{"local_units":60077,"purchases":4,"run_id":"cheap_structure__ordinary_combo_hashed__seed29__price1_1000","status":"success"}
{"local_units":57186,"purchases":4,"run_id":"cheap_structure__ordinary_combo__seed29__price1_100","status":"success"}
{"local_units":60077,"purchases":4,"run_id":"cheap_structure__ordinary_combo_hashed__seed29__price1_100","status":"success"}
{"local_units":51710,"purchases":16,"run_id":"cheap_structure__finite_uniform__seed47__pricefixed","status":"success"}
{"local_units":64485,"purchases":16,"run_id":"cheap_structure__value_uniform__seed47__pricefixed","status":"success"}
{"local_units":67338,"purchases":16,"run_id":"cheap_structure__value_uniform_hashed__seed47__pricefixed","status":"success"}
{"local_units":61069,"purchases":16,"run_id":"cheap_structure__finite_tickets__seed47__pricefixed","status":"success"}
{"local_units":73752,"purchases":16,"run_id":"cheap_structure__value_tickets__seed47__pricefixed","status":"success"}
{"local_units":76903,"purchases":16,"run_id":"cheap_structure__value_tickets_hashed__seed47__pricefixed","status":"success"}
{"local_units":1978344,"purchases":16,"run_id":"cheap_structure__finite_uniform_enumeration__seed47__pricefixed","status":"success"}
{"local_units":44202,"purchases":16,"run_id":"cheap_structure__probability_cost__seed47__pricefixed","status":"success"}
{"local_units":59620,"purchases":4,"run_id":"cheap_structure__ordinary_combo__seed47__price0","status":"success"}
{"local_units":62519,"purchases":4,"run_id":"cheap_structure__ordinary_combo_hashed__seed47__price0","status":"success"}
{"local_units":59620,"purchases":4,"run_id":"cheap_structure__ordinary_combo__seed47__price1_100000","status":"success"}
{"local_units":62519,"purchases":4,"run_id":"cheap_structure__ordinary_combo_hashed__seed47__price1_100000","status":"success"}
{"local_units":59127,"purchases":4,"run_id":"cheap_structure__ordinary_combo__seed47__price1_10000","status":"success"}
{"local_units":62016,"purchases":4,"run_id":"cheap_structure__ordinary_combo_hashed__seed47__price1_10000","status":"success"}
{"local_units":58460,"purchases":4,"run_id":"cheap_structure__ordinary_combo__seed47__price1_1000","status":"success"}
{"local_units":61393,"purchases":4,"run_id":"cheap_structure__ordinary_combo_hashed__seed47__price1_1000","status":"success"}
{"local_units":54811,"purchases":3,"run_id":"cheap_structure__ordinary_combo__seed47__price1_100","status":"success"}
{"local_units":57594,"purchases":3,"run_id":"cheap_structure__ordinary_combo_hashed__seed47__price1_100","status":"success"}
{"local_units":115144,"purchases":64,"run_id":"cheap_structure__proof_enumeration__seed11__pricefixed","status":"success"}
{"local_units":48808,"purchases":64,"run_id":"cheap_structure__proof_dpll__seed11__pricefixed","status":"success"}
{"local_units":7506888,"purchases":64,"run_id":"cheap_structure__exact_enumeration__seed11__pricefixed","status":"success"}
{"local_units":48808,"purchases":64,"run_id":"cheap_structure__exact_dpll__seed11__pricefixed","status":"success"}
{"local_units":24515,"purchases":4,"run_id":"cheap_structure__exact_cache__seed11__pricefixed","status":"success"}
{"local_units":27414,"purchases":4,"run_id":"cheap_structure__exact_cache_hashed__seed11__pricefixed","status":"success"}
{"local_units":9176,"purchases":0,"run_id":"cheap_structure__no_compute_0__seed11__pricefixed","status":"success"}
{"local_units":9176,"purchases":0,"run_id":"cheap_structure__no_compute_1__seed11__pricefixed","status":"success"}
{"archive_bytes":2854502,"out":"/workspace/scratch/095cdac579b7/value_logic/v3/work_logs/P3_08_2026-10-10_S1/development/common_v2/run","runs":186}
