{"details": {"all_unchanged": true, "source_count": 26}, "name": "source_manifest", "status": "PASS"}
{"details": "0", "name": "receiver_valid_local_equality", "status": "PASS"}
{"exception": "AuditError", "message": "Valid trace does not prove the requested pair and scope.", "name": "receiver_wrong_global_scope", "status": "PASS"}
{"exception": "AuditError", "message": "Valid trace does not prove the requested pair and scope.", "name": "receiver_wrong_local_case", "status": "PASS"}
{"exception": "AuditError", "message": "Request unit mismatch.", "name": "receiver_wrong_unit", "status": "PASS"}
{"exception": "AuditError", "message": "Root does not meet the requested unit or strength.", "name": "receiver_stricter_budget", "status": "PASS"}
{"exception": "AuditError", "message": "Valid trace does not prove the requested pair and scope.", "name": "receiver_different_pair", "status": "PASS"}
{"exception": "AuditError", "message": "Valid trace does not prove the requested pair and scope.", "name": "receiver_equivalent_but_nonliteral_pair", "status": "PASS"}
{"exception": "AuditError", "message": "The request belongs to a different context.", "name": "receiver_stale_request_revision", "status": "PASS"}
{"exception": "ProofError", "message": "Stale or different context.", "name": "receiver_stale_proof_revision", "status": "PASS"}
{"exception": "AuditError", "message": "The request belongs to a different context.", "name": "receiver_stale_request_observation", "status": "PASS"}
{"exception": "ProofError", "message": "Stale or different context.", "name": "receiver_stale_proof_observation", "status": "PASS"}
{"exception": "AuditError", "message": "The request belongs to a different context.", "name": "receiver_stale_request_scope", "status": "PASS"}
{"exception": "ProofError", "message": "Stale or different context.", "name": "receiver_stale_proof_scope", "status": "PASS"}
{"exception": "AuditError", "message": "The request belongs to a different context.", "name": "receiver_stale_request_row_with_same_revision", "status": "PASS"}
{"exception": "ProofError", "message": "Stale or different context.", "name": "receiver_stale_proof_row_with_same_revision", "status": "PASS"}
{"details": "1", "name": "receiver_union_maximum", "status": "PASS"}
{"exception": "AuditError", "message": "Root does not meet the requested unit or strength.", "name": "receiver_union_not_best_case", "status": "PASS"}
{"exception": "ProofError", "message": "Conclusion or budget does not follow from this rule.", "name": "kernel_forged_union_budget", "status": "PASS"}
{"exception": "ProofError", "message": "Every live hidden case is required exactly once.", "name": "kernel_omitted_live_case", "status": "PASS"}
{"details": null, "name": "receiver_probe_setup", "status": "PASS"}
{"exception": "UnavailableProof", "message": "No retained reconstruction for live case 'h'.", "name": "transport_missing_nonconstant_source", "status": "PASS"}
{"exception": "ProofError", "message": "Replacement proves a different source expression/direction.", "name": "transport_wrong_replacement_direction", "status": "PASS"}
{"details": "0", "name": "transport_explicit_substitution_changes_request", "status": "PASS"}
{"exception": "AuditError", "message": "Valid trace does not prove the requested pair and scope.", "name": "transport_substitution_does_not_prove_original_pair", "status": "PASS"}
{"exception": "ProofError", "message": "Supply every old source key, exactly once.", "name": "transport_omitted_source_map_key", "status": "PASS"}
{"exception": "SemanticError", "message": "Unbound local: a", "name": "transport_free_local_replacement", "status": "PASS"}
{"exception": "ProofError", "message": "Versioned interpretation/observation changed: a separate bridge is required.", "name": "transport_changed_interpretation", "status": "PASS"}
{"details": {"budget": "0", "point": {"feasible_points": 1, "node_evaluations": 2}, "used_rows": []}, "name": "withdrawn_zero_dependence_is_constant", "status": "PASS"}
{"exception": "SemanticError", "message": "Mixed-unit arithmetic or comparison.", "name": "zero_scale_preserves_type_check", "status": "PASS"}
{"details": {"new": "1", "new_point_refutes_old_budget": {"budget": "0", "difference": "1", "holds_at_point": false, "is_countermodel": true, "new": "1", "old": "0", "shortfall": "1"}, "old": "0"}, "name": "withdrawal_recomputes_surviving_alternative", "status": "PASS"}
{"exception": "AuditError", "message": "Root does not meet the requested unit or strength.", "name": "withdrawal_cannot_keep_old_budget", "status": "PASS"}
{"exception": "UnavailableProof", "message": "No retained reconstruction for live case 'h'.", "name": "withdrawal_no_remaining_alternative", "status": "PASS"}
{"details": "2", "name": "rhs_replay_recalculates_budget", "status": "PASS"}
{"exception": "ProofError", "message": "Row direction or unit changed.", "name": "rhs_replay_rejects_changed_direction", "status": "PASS"}
{"details": null, "name": "source_probe_setup", "status": "PASS"}
{"details": {"checks": {"feasible_points": 3, "node_evaluations": 75}, "lexical_value": 1, "negative_converted_bound": "-1/2", "negative_sum_residual_bound": "0", "points": [{"x": "-1/3", "y": "1/2"}, {"x": -1, "y": "-1/2"}, {"x": "-5/7", "y": "2/9"}], "residual_bound": "1/6", "steps": 25, "tags": ["add", "all_cases", "congruence", "constant", "convert", "lattice", "max_common", "meet_proofs", "min_common", "negate", "res_congruence", "rewrite", "row", "scale", "slack", "trans"]}, "name": "signed_native_16_tags", "status": "PASS"}
{"details": [{"losses": {"F": "5/32", "R": "3/32", "T1": "1/16", "T2": "3/32"}, "point": ["0", "0"]}, {"losses": {"F": "10679/56576", "R": "91/544", "T1": "1085/3536", "T2": "1485/7072"}, "point": ["-7/13", "5/17"]}, {"losses": {"F": "55/256", "R": "11/32", "T1": "1/16", "T2": "9/32"}, "point": ["-1", "1"]}, {"losses": {"F": "1157920892373161954235709850086879078532699846656405640394575840079131296399367/7410693711188236507108543040556026102609279018600996098525285376506440296955904", "R": "10855508365998393320959779844564491361244061062403802878699148500741855903745/115792089237316195423570985008687907853269984665640564039457584007913129639936", "T1": "3618502788666131106986593281521497120414687020801267626233049500247285301249/57896044618658097711785492504343953926634992332820282019728792003956564819968", "T2": "43422033463993573283839119378257965444976244249615211514796594002967423614977/463168356949264781694283940034751631413079938662562256157830336031652518559744"}, "point": ["1/57896044618658097711785492504343953926634992332820282019728792003956564819968", "-1/28948022309329048855892746252171976963317496166410141009864396001978282409984"]}], "name": "scientific_loss_encoding_direct_execution", "status": "PASS"}
{"details": "-3/32", "name": "receipt_original_current_request", "status": "PASS"}
{"exception": "ReceiptError", "message": "Receipt action differs from the current request.", "name": "receipt_wrong_action", "status": "PASS"}
{"exception": "AuditError", "message": "Root does not meet the requested unit or strength.", "name": "receipt_strict_exact_strength", "status": "PASS"}
{"exception": "ReceiptError", "message": "Receipt source/version differs from the current source.", "name": "receipt_new_revision_same_bounds", "status": "PASS"}
{"exception": "ReceiptError", "message": "Receipt source/version differs from the current source.", "name": "receipt_withdrawn_source", "status": "PASS"}
{"exception": "AuditError", "message": "Valid trace does not prove the requested pair and scope.", "name": "receipt_action_metadata_cannot_rebind_root", "status": "PASS"}
{"exception": "ReceiptError", "message": "Receipt bound metadata differs from the checked root.", "name": "receipt_bound_metadata_cannot_replace_root", "status": "PASS"}
{"exception": "ProofError", "message": "Conclusion or budget does not follow from this rule.", "name": "receipt_relabeling_does_not_skip_source_arithmetic", "status": "PASS"}
{"details": {"fresh": {"basis_checks": 240, "bound": "-3/8192", "proof_steps": 23, "reason": "received", "row_candidate_checks": null, "status": "certified"}, "query": {"action": "T1", "budget": "0"}, "reference": {"candidate_count": 3, "domain": "full_source", "maximum": "-3/8192", "target_unit_reduct_same": true, "witness": ["0", "3/32"]}, "reused": {"basis_checks": null, "bound": "3/8192", "proof_steps": 39, "reason": "reused_bound_exceeds_request", "row_candidate_checks": 108, "status": "unavailable"}, "source": {"beta": 0, "gamma": "3/32", "minus": null, "plus": null, "revision": "F16-relaxed-strict-margin"}}, "name": "documented_strict_reconstruction_miss", "status": "PASS"}
{"details": "3/8192", "name": "reused_bound_receipt_accepts_only_weaker_request", "status": "PASS"}
{"exception": "AuditError", "message": "Root does not meet the requested unit or strength.", "name": "reused_miss_not_current_zero_certificate", "status": "PASS"}
{"details": "-3/8192", "name": "fresh_boundary_budget_is_accepted", "status": "PASS"}
{"exception": "AuditError", "message": "Root does not meet the requested unit or strength.", "name": "fresh_stricter_budget_is_rejected", "status": "PASS"}
{"details": {"basis_limit_zero": {"basis_checks": 0, "bound": null, "proof_steps": 0, "reason": "basis_limit", "row_candidate_checks": null, "status": "unavailable"}, "reference": "-3/32", "step_limit_zero": {"basis_checks": 440, "bound": null, "proof_steps": 0, "reason": "step_limit", "row_candidate_checks": null, "status": "unavailable"}}, "name": "producer_zero_resource_limits_are_unavailable", "status": "PASS"}
{"details": {"bound": "-17/464", "bound_component_bits": 9, "source": {"beta": "5/23", "gamma": "3/29", "minus": "7/19", "plus": "1/57896044618658097711785492504343953926634992332820282019728792003956564819968", "revision": "F16-large-rational"}, "steps": 23, "witness": ["3/464", "-3/29"]}, "name": "scientific_large_rational_current_receipt", "status": "PASS"}
{"details": null, "name": "scientific_probe_setup", "status": "PASS"}
{"details": {"catalogue": {"basis_checks": 0, "bound": "471/256", "proof_steps": 23, "reason": "received", "row_candidate_checks": null, "status": "certified"}, "current_reference": "471/256", "origin_bound": "1/32", "selected": {"basis_checks": 0, "bound": "61/32", "proof_steps": 23, "reason": "received", "row_candidate_checks": null, "status": "certified"}}, "name": "same_direction_cache_rechecks_current_relaxation", "status": "PASS"}
{"details": {"catalogue_action_changed": {"basis_checks": 0, "bound": null, "proof_steps": 0, "reason": "catalogue_schema_mismatch", "row_candidate_checks": null, "status": "unavailable"}, "catalogue_rows_changed": {"basis_checks": 0, "bound": null, "proof_steps": 0, "reason": "catalogue_schema_mismatch", "row_candidate_checks": null, "status": "unavailable"}, "empty_catalogue": {"basis_checks": 0, "bound": null, "proof_steps": 0, "reason": "catalogue_missing_sign", "row_candidate_checks": null, "status": "unavailable"}, "selected_action_changed": {"basis_checks": 0, "bound": null, "proof_steps": 0, "reason": "selected_schema_changed", "row_candidate_checks": null, "status": "unavailable"}, "selected_rows_changed": {"basis_checks": 0, "bound": null, "proof_steps": 0, "reason": "selected_schema_changed", "row_candidate_checks": null, "status": "unavailable"}, "selected_tight_request": {"basis_checks": 0, "bound": null, "proof_steps": 0, "reason": "selected_screen_fallback", "row_candidate_checks": null, "status": "unavailable"}}, "name": "cache_schema_and_numeric_screen_refusals", "status": "PASS"}
{"exception": "ProofError", "message": "Conclusion or budget does not follow from this rule.", "name": "wrong_cached_coefficients_cannot_prove_new_action", "status": "PASS"}
{"details": null, "name": "cache_probe_setup", "status": "PASS"}
{"details": {"alpha": "0", "basis_checks": 35, "budget": "-1/20", "consumer": "risk_vs_full", "countermodel_domain": "target_unit_reduct", "decision": "unavailable", "full_source_attainer": ["0", "3/10"], "full_source_maximum": "-3/40", "native_bound": "-1/40", "ordinary_full_source_bound": "-3/40", "ordinary_reduct_bound": "-1/40", "producer_status": "unavailable", "proof_steps": 19, "reduct_attainer": ["1/20", "3/10"], "reduct_attainer_satisfies_full_source": false, "target_unit_reduct_maximum": "-1/40"}, "name": "program_full_source_reduct_separation", "status": "PASS"}
{"exception": "SemanticError", "message": "Point outside the declared source is not a countermodel.", "name": "reduct_attainer_rejected_as_full_source_point", "status": "PASS"}
{"exception": "AuditError", "message": "Root does not meet the requested unit or strength.", "name": "program_insufficient_reduct_proof_rejected", "status": "PASS"}
{"exception": "AuditError", "message": "Valid trace does not prove the requested pair and scope.", "name": "program_changed_consumer_rejected", "status": "PASS"}
{"details": {"alpha": "57896044618658097711785492504343953926634992332820282019728792003956564819967/57896044618658097711785492504343953926634992332820282019728792003956564819968", "full": "0", "full_point": ["0", "3/10"], "producer": {"basis_checks": 35, "bound": "17/20", "proof_steps": 15, "reason": "program_bound_exceeds_request", "row_candidate_checks": null, "status": "unavailable"}, "reduct": "17/20", "reduct_point": ["1/20", "3/10"]}, "name": "program_near_one_exact_tail_confidence", "status": "PASS"}
{"details": {"equality": {"alpha": "0", "basis_checks": 10, "budget": "0", "consumer": "mean_edit", "countermodel_domain": null, "decision": "certified", "full_source_attainer": ["1/20", "9/40"], "full_source_maximum": "0", "native_bound": "0", "ordinary_full_source_bound": "0", "ordinary_reduct_bound": "0", "producer_status": "certified", "proof_steps": 12, "reduct_attainer": ["1/20", "9/40"], "reduct_attainer_satisfies_full_source": true, "target_unit_reduct_maximum": "0"}, "stricter": {"alpha": "0", "basis_checks": 10, "budget": "-1/57896044618658097711785492504343953926634992332820282019728792003956564819968", "consumer": "mean_edit", "countermodel_domain": "full_source", "decision": "refuted", "full_source_attainer": ["1/20", "9/40"], "full_source_maximum": "0", "native_bound": "0", "ordinary_full_source_bound": "0", "ordinary_reduct_bound": "0", "producer_status": "unavailable", "proof_steps": 12, "reduct_attainer": ["1/20", "9/40"], "reduct_attainer_satisfies_full_source": true, "target_unit_reduct_maximum": "0"}}, "name": "program_exact_zero_vs_strict_refutation", "status": "PASS"}
{"details": null, "name": "program_probe_setup", "status": "PASS"}
{"attempt": "attempt1", "failed": 0, "failures": [], "passed": 65, "records": 65, "scope": "Hand-selected exact attacks only; no full suite, population generation, F15/ND01 replay, time credit, or unrestricted soundness claim.", "status": "PASS"}
