{"development_only": true, "event": "global_15_unit_validation_gate_passed", "freeze_sha256": "9c15af55b83d7edf134542a9c70bcc0f087c6f4f6491f993361a27493b5cf24c", "kind": null, "model_index": null, "preparation_manifest_sha256": "5d79d2684c18e1b1a8ecd9e962efb952ff517ea4945ccd2a7d34051d9a82962a", "unit_count": 15, "utc": "2026-10-05T17:04:36.565220+00:00"}
{"development_only": true, "event": "unit_started", "freeze_sha256": "9c15af55b83d7edf134542a9c70bcc0f087c6f4f6491f993361a27493b5cf24c", "kind": "calibration", "model_index": 0, "prepared_artifact_hash": "b15d98dad0707be33ee50fffb748a7f9e7f15c3714ef625d72e89f58a72216d5", "utc": "2026-10-05T17:04:36.570270+00:00"}
{"development_only": true, "event": "unit_durable_complete", "file_sha256": "93f185c0316f98473723bde71c227962540cc63bebf4cfb8552098dd6434ae5c", "freeze_sha256": "9c15af55b83d7edf134542a9c70bcc0f087c6f4f6491f993361a27493b5cf24c", "kind": "calibration", "model_index": 0, "utc": "2026-10-05T17:04:39.562057+00:00"}
{"development_only": true, "event": "unit_started", "freeze_sha256": "9c15af55b83d7edf134542a9c70bcc0f087c6f4f6491f993361a27493b5cf24c", "kind": "calibration", "model_index": 1, "prepared_artifact_hash": "c262445957196bc064acb72e4c285249b2011ea1aabfad8441c3d3d685e7616a", "utc": "2026-10-05T17:04:39.562801+00:00"}
{"development_only": true, "event": "unit_durable_complete", "file_sha256": "5571209c90c780284068abb28a5a376d7771e0d75e5df755645fa2b98113f8eb", "freeze_sha256": "9c15af55b83d7edf134542a9c70bcc0f087c6f4f6491f993361a27493b5cf24c", "kind": "calibration", "model_index": 1, "utc": "2026-10-05T17:04:42.524575+00:00"}
{"development_only": true, "event": "unit_started", "freeze_sha256": "9c15af55b83d7edf134542a9c70bcc0f087c6f4f6491f993361a27493b5cf24c", "kind": "calibration", "model_index": 2, "prepared_artifact_hash": "7d0dbfaf12e1d51c24e5ee55b262d79d02709c1f56b4bf139b021ef403329a80", "utc": "2026-10-05T17:04:42.525337+00:00"}
{"development_only": true, "event": "unit_durable_complete", "file_sha256": "5998c9d8baae6b205c9866d26527f21220fca421df0bf3ca5619c2fcc14abf33", "freeze_sha256": "9c15af55b83d7edf134542a9c70bcc0f087c6f4f6491f993361a27493b5cf24c", "kind": "calibration", "model_index": 2, "utc": "2026-10-05T17:04:45.309074+00:00"}
{"development_only": true, "event": "unit_started", "freeze_sha256": "9c15af55b83d7edf134542a9c70bcc0f087c6f4f6491f993361a27493b5cf24c", "kind": "calibration", "model_index": 3, "prepared_artifact_hash": "2290e27f2018d770e8fe056b4fa9c07861d2b8594f67d9bf4507fad91d44e55d", "utc": "2026-10-05T17:04:45.309602+00:00"}
{"development_only": true, "event": "unit_durable_complete", "file_sha256": "7efc323b5d63855cf4e7e975c0720073b7298abe7d171a0b751e9b9746924721", "freeze_sha256": "9c15af55b83d7edf134542a9c70bcc0f087c6f4f6491f993361a27493b5cf24c", "kind": "calibration", "model_index": 3, "utc": "2026-10-05T17:04:48.320551+00:00"}
{"development_only": true, "event": "unit_started", "freeze_sha256": "9c15af55b83d7edf134542a9c70bcc0f087c6f4f6491f993361a27493b5cf24c", "kind": "calibration", "model_index": 4, "prepared_artifact_hash": "27908c6492142ad86d228445e036c3dc5699a3999d0f4ecaab8ce4d46259f1c9", "utc": "2026-10-05T17:04:48.321202+00:00"}
{"development_only": true, "event": "unit_durable_complete", "file_sha256": "b8610dd97506c9946dcd82d5754b6215bb5bc5b2d1ebd486d3324e9f73268e0a", "freeze_sha256": "9c15af55b83d7edf134542a9c70bcc0f087c6f4f6491f993361a27493b5cf24c", "kind": "calibration", "model_index": 4, "utc": "2026-10-05T17:04:50.961876+00:00"}
{"development_only": true, "event": "unit_started", "freeze_sha256": "9c15af55b83d7edf134542a9c70bcc0f087c6f4f6491f993361a27493b5cf24c", "kind": "search", "model_index": 0, "prepared_artifact_hash": "74155dd078a54aa36a65ee24aae60d81c40bb68b9d05d632f33775b624ba0bd5", "utc": "2026-10-05T17:04:50.962446+00:00"}
{"development_only": true, "event": "unit_durable_complete", "file_sha256": "df84abf6bc0be7f49a4d9441edb5b07a07221767c495d3d9d56861f3f987f046", "freeze_sha256": "9c15af55b83d7edf134542a9c70bcc0f087c6f4f6491f993361a27493b5cf24c", "kind": "search", "model_index": 0, "utc": "2026-10-05T17:04:51.703743+00:00"}
{"development_only": true, "event": "unit_started", "freeze_sha256": "9c15af55b83d7edf134542a9c70bcc0f087c6f4f6491f993361a27493b5cf24c", "kind": "search", "model_index": 1, "prepared_artifact_hash": "5064f86f3314096af88acff1797427cd57e54290e742cc898f024bd37a68099b", "utc": "2026-10-05T17:04:51.704198+00:00"}
{"development_only": true, "event": "unit_durable_complete", "file_sha256": "4987acc9c0803dbf6109fd6a4ab2c3c29e9c4d60ed09cf69a7d5a7ce4cb56a10", "freeze_sha256": "9c15af55b83d7edf134542a9c70bcc0f087c6f4f6491f993361a27493b5cf24c", "kind": "search", "model_index": 1, "utc": "2026-10-05T17:04:52.655267+00:00"}
{"development_only": true, "event": "unit_started", "freeze_sha256": "9c15af55b83d7edf134542a9c70bcc0f087c6f4f6491f993361a27493b5cf24c", "kind": "search", "model_index": 2, "prepared_artifact_hash": "8745c6b08c13f0bebfc35d00214e0b9bccecf4264f5f11b5b179ae16262dabf6", "utc": "2026-10-05T17:04:52.655658+00:00"}
{"development_only": true, "event": "unit_durable_complete", "file_sha256": "581d5e03328863f1709c283050074cbc5f6cd25ef22e846e7a8ab511a871e260", "freeze_sha256": "9c15af55b83d7edf134542a9c70bcc0f087c6f4f6491f993361a27493b5cf24c", "kind": "search", "model_index": 2, "utc": "2026-10-05T17:04:53.670108+00:00"}
{"development_only": true, "event": "unit_started", "freeze_sha256": "9c15af55b83d7edf134542a9c70bcc0f087c6f4f6491f993361a27493b5cf24c", "kind": "search", "model_index": 3, "prepared_artifact_hash": "d44308855cbee817b69e383acbae8c13390a1f07571a45007d222b560bf78c4b", "utc": "2026-10-05T17:04:53.672454+00:00"}
{"development_only": true, "event": "unit_durable_complete", "file_sha256": "8999cdcf297b657599bad7d9bb6e4ad6ca719e15aec06eeccf9689718fa70e24", "freeze_sha256": "9c15af55b83d7edf134542a9c70bcc0f087c6f4f6491f993361a27493b5cf24c", "kind": "search", "model_index": 3, "utc": "2026-10-05T17:04:54.649399+00:00"}
{"development_only": true, "event": "unit_started", "freeze_sha256": "9c15af55b83d7edf134542a9c70bcc0f087c6f4f6491f993361a27493b5cf24c", "kind": "search", "model_index": 4, "prepared_artifact_hash": "b6d38c1302d0439510b029855dd55b9020f0eb81720a4a836ee7fdd1d964ef50", "utc": "2026-10-05T17:04:54.649774+00:00"}
{"development_only": true, "event": "unit_durable_complete", "file_sha256": "1b308434f23fa8ef4385d1ddbd623db5eec63efd5c6d1eb177999ab1f32ad520", "freeze_sha256": "9c15af55b83d7edf134542a9c70bcc0f087c6f4f6491f993361a27493b5cf24c", "kind": "search", "model_index": 4, "utc": "2026-10-05T17:04:55.492537+00:00"}
{"development_only": true, "event": "unit_started", "freeze_sha256": "9c15af55b83d7edf134542a9c70bcc0f087c6f4f6491f993361a27493b5cf24c", "kind": "soft_mask", "model_index": 0, "prepared_artifact_hash": "ed14ec48d298ecd9ef505abffa3cddfa365ba1ad5bb74b16a7f8d58f2e75e13e", "utc": "2026-10-05T17:04:55.492956+00:00"}
{"development_only": true, "event": "unit_durable_complete", "file_sha256": "a6ef52c229ebe9a7cc3b375ddcd534cd6359b3b8267198957dd4e47df50e74c3", "freeze_sha256": "9c15af55b83d7edf134542a9c70bcc0f087c6f4f6491f993361a27493b5cf24c", "kind": "soft_mask", "model_index": 0, "utc": "2026-10-05T17:04:55.792517+00:00"}
{"development_only": true, "event": "unit_started", "freeze_sha256": "9c15af55b83d7edf134542a9c70bcc0f087c6f4f6491f993361a27493b5cf24c", "kind": "soft_mask", "model_index": 1, "prepared_artifact_hash": "d9bec3817b3a481344800b42f0c94ffbd899bf342345d64bd231df6b0349d077", "utc": "2026-10-05T17:04:55.792833+00:00"}
{"development_only": true, "event": "unit_durable_complete", "file_sha256": "8feec3f68ba6447e177226042e304dc4af7c2dfd1bc4b64d9780346fd92b0167", "freeze_sha256": "9c15af55b83d7edf134542a9c70bcc0f087c6f4f6491f993361a27493b5cf24c", "kind": "soft_mask", "model_index": 1, "utc": "2026-10-05T17:04:56.134477+00:00"}
{"development_only": true, "event": "unit_started", "freeze_sha256": "9c15af55b83d7edf134542a9c70bcc0f087c6f4f6491f993361a27493b5cf24c", "kind": "soft_mask", "model_index": 2, "prepared_artifact_hash": "2f46058faadadde7e6e64fa855381e02f3a987b8254e5e2896fb8ca44d481f15", "utc": "2026-10-05T17:04:56.134923+00:00"}
{"development_only": true, "event": "unit_durable_complete", "file_sha256": "675cc724ffcf97bf83fab2dfc8f6daa918ea43e3c9fcead4fd10f54b1d0711cb", "freeze_sha256": "9c15af55b83d7edf134542a9c70bcc0f087c6f4f6491f993361a27493b5cf24c", "kind": "soft_mask", "model_index": 2, "utc": "2026-10-05T17:04:56.454203+00:00"}
{"development_only": true, "event": "unit_started", "freeze_sha256": "9c15af55b83d7edf134542a9c70bcc0f087c6f4f6491f993361a27493b5cf24c", "kind": "soft_mask", "model_index": 3, "prepared_artifact_hash": "f6db0a5b358529f15c6243c439b34c3a997d09aaab6afda4d6e15e765e148b2f", "utc": "2026-10-05T17:04:56.454549+00:00"}
{"development_only": true, "event": "unit_durable_complete", "file_sha256": "aa33c33ade37956ae20e85a16efacec88447d93aa15a64a3851d6cae63024052", "freeze_sha256": "9c15af55b83d7edf134542a9c70bcc0f087c6f4f6491f993361a27493b5cf24c", "kind": "soft_mask", "model_index": 3, "utc": "2026-10-05T17:04:56.816041+00:00"}
{"development_only": true, "event": "unit_started", "freeze_sha256": "9c15af55b83d7edf134542a9c70bcc0f087c6f4f6491f993361a27493b5cf24c", "kind": "soft_mask", "model_index": 4, "prepared_artifact_hash": "50353106bf56a22df13830635d53f34c902b7b2f1f3989bae2c21dc23739ad7e", "utc": "2026-10-05T17:04:56.816621+00:00"}
{"development_only": true, "event": "unit_durable_complete", "file_sha256": "2b9121c1009bcd971d269e8ba51f37ef486099d145daae9fbc556c6288520118", "freeze_sha256": "9c15af55b83d7edf134542a9c70bcc0f087c6f4f6491f993361a27493b5cf24c", "kind": "soft_mask", "model_index": 4, "utc": "2026-10-05T17:04:57.174568+00:00"}
{"development_only": true, "event": "all_15_evaluations_complete", "freeze_sha256": "9c15af55b83d7edf134542a9c70bcc0f087c6f4f6491f993361a27493b5cf24c", "kind": null, "model_index": null, "unit_count": 15, "utc": "2026-10-05T17:04:57.195443+00:00"}
{
  "attempt": 1,
  "cpu_seconds": 21.148612419000003,
  "development_only": true,
  "native_child_cpu_seconds": 0.0,
  "output": "/workspace/scratch/8dbd45f3c7ee/value_logic/v2/work_logs/F15_ND01_v1_run1",
  "parent_plus_child_cpu_seconds": 21.148612419000003,
  "status": "evaluation_complete",
  "unit_count": 15,
  "wall_seconds": 21.172718312000143
}
