{
  "output": "/workspace/scratch/8dbd45f3c7ee/value_logic/v2/experiments/F15_ND01_analysis/joint_feasibility.json",
  "sha256": "75fd76012fb35540cf5ad3777178ba25bac59e1edd92d8b434ae2cc0676dbf4c",
  "counts": {
    "frozen_original": {
      "feasible": 2,
      "infeasible": 3,
      "unresolved_interval_boundary": 0,
      "prerequisite_not_established": 0
    },
    "binary_global": {
      "feasible": 4,
      "infeasible": 1,
      "unresolved_interval_boundary": 0,
      "prerequisite_not_established": 0
    },
    "rounded_top8": {
      "feasible": 3,
      "infeasible": 2,
      "unresolved_interval_boundary": 0,
      "prerequisite_not_established": 0
    },
    "fractional_mask": {
      "feasible": 4,
      "infeasible": 1,
      "unresolved_interval_boundary": 0,
      "prerequisite_not_established": 0
    }
  }
}
