{
  "development_only": true,
  "environment": {
    "bitwise_reproduction_across_hosts_promised": false,
    "machine": "x86_64",
    "numpy": "2.3.5",
    "platform": "Linux-6.18.44-x86_64-with-glibc2.39",
    "python": "3.12.14 (main, Aug 25 2026, 14:00:49) [Clang 22.1.3 ]",
    "thread_environment": {
      "MKL_NUM_THREADS": "1",
      "OMP_NUM_THREADS": "1",
      "OPENBLAS_NUM_THREADS": "1"
    },
    "utc": "2026-10-05T17:00:07.596440+00:00"
  },
  "evaluation_units_verified": 0,
  "freeze": {
    "config_sha256": "d65ffe53ca95362599cc785495676a0e84bf003278d760e92a2a7bf8cba1667a",
    "manifest_sha256": "9c15af55b83d7edf134542a9c70bcc0f087c6f4f6491f993361a27493b5cf24c",
    "source_f14_manifest_sha256": "b860021d3cb26705196b75d6b13277135d0c9220c266b21e05d7d11e719b2f9c",
    "source_prepared": [
      {
        "bytes": 1876860,
        "path": "v2/work_logs/F15_v1_run1/preparation_attempt_1/model_0_prepared.json",
        "sha256": "52de88560a13d803dd7192bb737efe601066b732a66092ff112a19790d31a479"
      },
      {
        "bytes": 1877849,
        "path": "v2/work_logs/F15_v1_run1/preparation_attempt_1/model_1_prepared.json",
        "sha256": "98f3d557a69d67b15c384a8d08fd44c62068188ab06222d7937fad38812bc2ab"
      },
      {
        "bytes": 1876691,
        "path": "v2/work_logs/F15_v1_run1/preparation_attempt_1/model_2_prepared.json",
        "sha256": "04ab7379b89e50fcdc524fe3afa547e34f4213d1b9253d4ee3b16aa350434867"
      },
      {
        "bytes": 1878588,
        "path": "v2/work_logs/F15_v1_run1/preparation_attempt_1/model_3_prepared.json",
        "sha256": "a7dbf2ad531cd4bc8c22d7f32554a90c2ebd5e55b74ce9282898c7c342132bba"
      },
      {
        "bytes": 1876003,
        "path": "v2/work_logs/F15_v1_run1/preparation_attempt_1/model_4_prepared.json",
        "sha256": "e4188f429721a562267e4cb6c0aadf4439023258b4b8d2679cc88500067e8600"
      }
    ]
  },
  "output_exists": false,
  "prepared_units_verified": 0,
  "verified": true
}
