{"development_only": true, "event": "unit_started", "freeze_sha256": "9c15af55b83d7edf134542a9c70bcc0f087c6f4f6491f993361a27493b5cf24c", "kind": "calibration", "model_index": 0, "utc": "2026-10-05T17:00:52.298200+00:00"}
{"artifact_hash": "b15d98dad0707be33ee50fffb748a7f9e7f15c3714ef625d72e89f58a72216d5", "development_only": true, "event": "unit_durable_validated", "file_sha256": "f67491c57e0eff5351e7d3a205c35d533fb5cbd208dfb8113426eb5c3988bd92", "freeze_sha256": "9c15af55b83d7edf134542a9c70bcc0f087c6f4f6491f993361a27493b5cf24c", "kind": "calibration", "model_index": 0, "utc": "2026-10-05T17:00:53.933995+00:00"}
{"development_only": true, "event": "unit_started", "freeze_sha256": "9c15af55b83d7edf134542a9c70bcc0f087c6f4f6491f993361a27493b5cf24c", "kind": "calibration", "model_index": 1, "utc": "2026-10-05T17:00:53.934300+00:00"}
{"artifact_hash": "c262445957196bc064acb72e4c285249b2011ea1aabfad8441c3d3d685e7616a", "development_only": true, "event": "unit_durable_validated", "file_sha256": "1056572a5d4fee7aedf8ef076ee93442f06fb85231117d4abc5971dcafc2108b", "freeze_sha256": "9c15af55b83d7edf134542a9c70bcc0f087c6f4f6491f993361a27493b5cf24c", "kind": "calibration", "model_index": 1, "utc": "2026-10-05T17:00:55.476646+00:00"}
{"development_only": true, "event": "unit_started", "freeze_sha256": "9c15af55b83d7edf134542a9c70bcc0f087c6f4f6491f993361a27493b5cf24c", "kind": "calibration", "model_index": 2, "utc": "2026-10-05T17:00:55.477036+00:00"}
{"artifact_hash": "7d0dbfaf12e1d51c24e5ee55b262d79d02709c1f56b4bf139b021ef403329a80", "development_only": true, "event": "unit_durable_validated", "file_sha256": "ae8d07f648bc2c8fa06e253e427de13dbec9719a2de8a31df4b11670d0c0fdb1", "freeze_sha256": "9c15af55b83d7edf134542a9c70bcc0f087c6f4f6491f993361a27493b5cf24c", "kind": "calibration", "model_index": 2, "utc": "2026-10-05T17:00:57.039739+00:00"}
{"development_only": true, "event": "unit_started", "freeze_sha256": "9c15af55b83d7edf134542a9c70bcc0f087c6f4f6491f993361a27493b5cf24c", "kind": "calibration", "model_index": 3, "utc": "2026-10-05T17:00:57.040083+00:00"}
{"artifact_hash": "2290e27f2018d770e8fe056b4fa9c07861d2b8594f67d9bf4507fad91d44e55d", "development_only": true, "event": "unit_durable_validated", "file_sha256": "01438cced1d6ee625a6fe7546315aeb47512a45f980a63ec968db8d62f852b09", "freeze_sha256": "9c15af55b83d7edf134542a9c70bcc0f087c6f4f6491f993361a27493b5cf24c", "kind": "calibration", "model_index": 3, "utc": "2026-10-05T17:00:58.604899+00:00"}
{"development_only": true, "event": "unit_started", "freeze_sha256": "9c15af55b83d7edf134542a9c70bcc0f087c6f4f6491f993361a27493b5cf24c", "kind": "calibration", "model_index": 4, "utc": "2026-10-05T17:00:58.605166+00:00"}
{"artifact_hash": "27908c6492142ad86d228445e036c3dc5699a3999d0f4ecaab8ce4d46259f1c9", "development_only": true, "event": "unit_durable_validated", "file_sha256": "529880463d0f8e46a1c408543c65d2bc04f78827c1db1cb47bf7a5e29559ba8d", "freeze_sha256": "9c15af55b83d7edf134542a9c70bcc0f087c6f4f6491f993361a27493b5cf24c", "kind": "calibration", "model_index": 4, "utc": "2026-10-05T17:01:00.210269+00:00"}
{"development_only": true, "event": "unit_started", "freeze_sha256": "9c15af55b83d7edf134542a9c70bcc0f087c6f4f6491f993361a27493b5cf24c", "kind": "search", "model_index": 0, "utc": "2026-10-05T17:01:00.211253+00:00"}
{"artifact_hash": "74155dd078a54aa36a65ee24aae60d81c40bb68b9d05d632f33775b624ba0bd5", "development_only": true, "event": "unit_durable_validated", "file_sha256": "cbe76c4477317d5480d7695026d11e06eb1319ee4c6a737ef93d5f9902c34c2a", "freeze_sha256": "9c15af55b83d7edf134542a9c70bcc0f087c6f4f6491f993361a27493b5cf24c", "kind": "search", "model_index": 0, "utc": "2026-10-05T17:01:05.292091+00:00"}
{"development_only": true, "event": "unit_started", "freeze_sha256": "9c15af55b83d7edf134542a9c70bcc0f087c6f4f6491f993361a27493b5cf24c", "kind": "search", "model_index": 1, "utc": "2026-10-05T17:01:05.292607+00:00"}
{"artifact_hash": "5064f86f3314096af88acff1797427cd57e54290e742cc898f024bd37a68099b", "development_only": true, "event": "unit_durable_validated", "file_sha256": "23fcfea2df85f77475be69782ad3c35e459095a61f5e0917fadb0a603827f6dd", "freeze_sha256": "9c15af55b83d7edf134542a9c70bcc0f087c6f4f6491f993361a27493b5cf24c", "kind": "search", "model_index": 1, "utc": "2026-10-05T17:01:10.255521+00:00"}
{"development_only": true, "event": "unit_started", "freeze_sha256": "9c15af55b83d7edf134542a9c70bcc0f087c6f4f6491f993361a27493b5cf24c", "kind": "search", "model_index": 2, "utc": "2026-10-05T17:01:10.255930+00:00"}
{"artifact_hash": "8745c6b08c13f0bebfc35d00214e0b9bccecf4264f5f11b5b179ae16262dabf6", "development_only": true, "event": "unit_durable_validated", "file_sha256": "14c0e7119951c977f265115e4e7c9000c91295163fdcb988086881a230694340", "freeze_sha256": "9c15af55b83d7edf134542a9c70bcc0f087c6f4f6491f993361a27493b5cf24c", "kind": "search", "model_index": 2, "utc": "2026-10-05T17:01:15.387084+00:00"}
{"development_only": true, "event": "unit_started", "freeze_sha256": "9c15af55b83d7edf134542a9c70bcc0f087c6f4f6491f993361a27493b5cf24c", "kind": "search", "model_index": 3, "utc": "2026-10-05T17:01:15.387828+00:00"}
{"artifact_hash": "d44308855cbee817b69e383acbae8c13390a1f07571a45007d222b560bf78c4b", "development_only": true, "event": "unit_durable_validated", "file_sha256": "bfdb7a1827a5212c0062947baff302c1ee39882942cea722c64b3354c3a99497", "freeze_sha256": "9c15af55b83d7edf134542a9c70bcc0f087c6f4f6491f993361a27493b5cf24c", "kind": "search", "model_index": 3, "utc": "2026-10-05T17:01:21.212107+00:00"}
{"development_only": true, "event": "unit_started", "freeze_sha256": "9c15af55b83d7edf134542a9c70bcc0f087c6f4f6491f993361a27493b5cf24c", "kind": "search", "model_index": 4, "utc": "2026-10-05T17:01:21.212741+00:00"}
{"artifact_hash": "b6d38c1302d0439510b029855dd55b9020f0eb81720a4a836ee7fdd1d964ef50", "development_only": true, "event": "unit_durable_validated", "file_sha256": "2b6db2f80932bc998994e661c554a56ef5ddc5521e4b24b930e0c26ada9c8424", "freeze_sha256": "9c15af55b83d7edf134542a9c70bcc0f087c6f4f6491f993361a27493b5cf24c", "kind": "search", "model_index": 4, "utc": "2026-10-05T17:01:28.189206+00:00"}
{"development_only": true, "event": "unit_started", "freeze_sha256": "9c15af55b83d7edf134542a9c70bcc0f087c6f4f6491f993361a27493b5cf24c", "kind": "soft_mask", "model_index": 0, "utc": "2026-10-05T17:01:28.189957+00:00"}
{"artifact_hash": "ed14ec48d298ecd9ef505abffa3cddfa365ba1ad5bb74b16a7f8d58f2e75e13e", "development_only": true, "event": "unit_durable_validated", "file_sha256": "c0e1273f00dbc14cf7ec900ebd62bbf84bc6d72fd9343540d82ece07e17dc6a1", "freeze_sha256": "9c15af55b83d7edf134542a9c70bcc0f087c6f4f6491f993361a27493b5cf24c", "kind": "soft_mask", "model_index": 0, "utc": "2026-10-05T17:01:38.929180+00:00"}
{"development_only": true, "event": "unit_started", "freeze_sha256": "9c15af55b83d7edf134542a9c70bcc0f087c6f4f6491f993361a27493b5cf24c", "kind": "soft_mask", "model_index": 1, "utc": "2026-10-05T17:01:38.929778+00:00"}
{"artifact_hash": "d9bec3817b3a481344800b42f0c94ffbd899bf342345d64bd231df6b0349d077", "development_only": true, "event": "unit_durable_validated", "file_sha256": "ec89a2b364e5115c0e513e78b5ba69908500242fa548a0ed6ce55b0d81c429fb", "freeze_sha256": "9c15af55b83d7edf134542a9c70bcc0f087c6f4f6491f993361a27493b5cf24c", "kind": "soft_mask", "model_index": 1, "utc": "2026-10-05T17:01:49.995151+00:00"}
{"development_only": true, "event": "unit_started", "freeze_sha256": "9c15af55b83d7edf134542a9c70bcc0f087c6f4f6491f993361a27493b5cf24c", "kind": "soft_mask", "model_index": 2, "utc": "2026-10-05T17:01:49.995748+00:00"}
{"artifact_hash": "2f46058faadadde7e6e64fa855381e02f3a987b8254e5e2896fb8ca44d481f15", "development_only": true, "event": "unit_durable_validated", "file_sha256": "520a7b418f1c356d0ad907dfd1db93528f40120eeba29d1eac3b8c74003a0459", "freeze_sha256": "9c15af55b83d7edf134542a9c70bcc0f087c6f4f6491f993361a27493b5cf24c", "kind": "soft_mask", "model_index": 2, "utc": "2026-10-05T17:02:00.685262+00:00"}
{"development_only": true, "event": "unit_started", "freeze_sha256": "9c15af55b83d7edf134542a9c70bcc0f087c6f4f6491f993361a27493b5cf24c", "kind": "soft_mask", "model_index": 3, "utc": "2026-10-05T17:02:00.686281+00:00"}
{"artifact_hash": "f6db0a5b358529f15c6243c439b34c3a997d09aaab6afda4d6e15e765e148b2f", "development_only": true, "event": "unit_durable_validated", "file_sha256": "3a4fbfa931861d33d30b7567645f9a22b22ea6071253ba75cb2a969ad561214b", "freeze_sha256": "9c15af55b83d7edf134542a9c70bcc0f087c6f4f6491f993361a27493b5cf24c", "kind": "soft_mask", "model_index": 3, "utc": "2026-10-05T17:02:02.672394+00:00"}
{"development_only": true, "event": "unit_started", "freeze_sha256": "9c15af55b83d7edf134542a9c70bcc0f087c6f4f6491f993361a27493b5cf24c", "kind": "soft_mask", "model_index": 4, "utc": "2026-10-05T17:02:02.672898+00:00"}
{"artifact_hash": "50353106bf56a22df13830635d53f34c902b7b2f1f3989bae2c21dc23739ad7e", "development_only": true, "event": "unit_durable_validated", "file_sha256": "27011ea7fef83f3967942e93d3aa740d07e6db4e70bfe1285bca863a353cafba", "freeze_sha256": "9c15af55b83d7edf134542a9c70bcc0f087c6f4f6491f993361a27493b5cf24c", "kind": "soft_mask", "model_index": 4, "utc": "2026-10-05T17:02:08.307771+00:00"}
{"development_only": true, "event": "all_15_prepared_durable", "freeze_sha256": "9c15af55b83d7edf134542a9c70bcc0f087c6f4f6491f993361a27493b5cf24c", "kind": null, "model_index": null, "unit_count": 15, "utc": "2026-10-05T17:02:13.986316+00:00"}
{
  "attempt": 1,
  "cpu_seconds": 81.34670576100001,
  "development_only": true,
  "native_child_cpu_seconds": 0.938807,
  "output": "/workspace/scratch/8dbd45f3c7ee/value_logic/v2/work_logs/F15_ND01_v1_run1",
  "parent_plus_child_cpu_seconds": 82.285512761,
  "status": "preparation_complete",
  "unit_count": 15,
  "wall_seconds": 82.33806003999962
}
