{"local_units":369335,"purchases":16,"run_id":"cold_mixed__finite_uniform__seed11__pricefixed","status":"success"}
{"local_units":557119,"purchases":16,"run_id":"cold_mixed__value_uniform__seed11__pricefixed","status":"success"}
{"local_units":247418,"purchases":16,"run_id":"cold_mixed__finite_tickets__seed11__pricefixed","status":"success"}
{"local_units":397160,"purchases":16,"run_id":"cold_mixed__value_tickets__seed11__pricefixed","status":"success"}
{"local_units":1610410,"purchases":16,"run_id":"cold_mixed__finite_uniform_enumeration__seed11__pricefixed","status":"success"}
{"local_units":545553,"purchases":16,"run_id":"cold_mixed__probability_cost__seed11__pricefixed","status":"success"}
{"local_units":2806438,"purchases":84,"run_id":"cold_mixed__ordinary_combo__seed11__price0","status":"success"}
{"local_units":1200484,"purchases":62,"run_id":"cold_mixed__ordinary_combo__seed11__price1_100000","status":"success"}
{"local_units":766819,"purchases":23,"run_id":"cold_mixed__ordinary_combo__seed11__price1_10000","status":"success"}
{"local_units":692450,"purchases":15,"run_id":"cold_mixed__ordinary_combo__seed11__price1_1000","status":"success"}
{"local_units":691667,"purchases":15,"run_id":"cold_mixed__ordinary_combo__seed11__price1_100","status":"success"}
{"local_units":1361080,"purchases":16,"run_id":"cold_mixed__finite_uniform__seed29__pricefixed","status":"success"}
{"local_units":1552926,"purchases":16,"run_id":"cold_mixed__value_uniform__seed29__pricefixed","status":"success"}
{"local_units":1327168,"purchases":16,"run_id":"cold_mixed__finite_tickets__seed29__pricefixed","status":"success"}
{"local_units":1503304,"purchases":16,"run_id":"cold_mixed__value_tickets__seed29__pricefixed","status":"success"}
{"local_units":2893891,"purchases":16,"run_id":"cold_mixed__finite_uniform_enumeration__seed29__pricefixed","status":"success"}
{"local_units":221765,"purchases":16,"run_id":"cold_mixed__probability_cost__seed29__pricefixed","status":"success"}
{"local_units":2809833,"purchases":84,"run_id":"cold_mixed__ordinary_combo__seed29__price0","status":"success"}
{"local_units":792182,"purchases":57,"run_id":"cold_mixed__ordinary_combo__seed29__price1_100000","status":"success"}
{"local_units":431799,"purchases":23,"run_id":"cold_mixed__ordinary_combo__seed29__price1_10000","status":"success"}
{"local_units":365894,"purchases":15,"run_id":"cold_mixed__ordinary_combo__seed29__price1_1000","status":"success"}
{"local_units":356377,"purchases":14,"run_id":"cold_mixed__ordinary_combo__seed29__price1_100","status":"success"}
{"local_units":345555,"purchases":16,"run_id":"cold_mixed__finite_uniform__seed47__pricefixed","status":"success"}
{"local_units":546727,"purchases":16,"run_id":"cold_mixed__value_uniform__seed47__pricefixed","status":"success"}
{"local_units":690241,"purchases":16,"run_id":"cold_mixed__finite_tickets__seed47__pricefixed","status":"success"}
{"local_units":892521,"purchases":16,"run_id":"cold_mixed__value_tickets__seed47__pricefixed","status":"success"}
{"local_units":2028662,"purchases":16,"run_id":"cold_mixed__finite_uniform_enumeration__seed47__pricefixed","status":"success"}
{"local_units":1322965,"purchases":16,"run_id":"cold_mixed__probability_cost__seed47__pricefixed","status":"success"}
{"local_units":2794004,"purchases":82,"run_id":"cold_mixed__ordinary_combo__seed47__price0","status":"success"}
{"local_units":1924513,"purchases":59,"run_id":"cold_mixed__ordinary_combo__seed47__price1_100000","status":"success"}
{"local_units":1534890,"purchases":22,"run_id":"cold_mixed__ordinary_combo__seed47__price1_10000","status":"success"}
{"local_units":1487469,"purchases":17,"run_id":"cold_mixed__ordinary_combo__seed47__price1_1000","status":"success"}
{"local_units":1477424,"purchases":16,"run_id":"cold_mixed__ordinary_combo__seed47__price1_100","status":"success"}
{"local_units":145055,"purchases":64,"run_id":"cold_mixed__proof_enumeration__seed11__pricefixed","status":"success"}
{"local_units":128741,"purchases":64,"run_id":"cold_mixed__proof_dpll__seed11__pricefixed","status":"success"}
{"local_units":7026038,"purchases":64,"run_id":"cold_mixed__exact_enumeration__seed11__pricefixed","status":"success"}
{"local_units":2009348,"purchases":64,"run_id":"cold_mixed__exact_dpll__seed11__pricefixed","status":"success"}
{"local_units":2517921,"purchases":56,"run_id":"cold_mixed__exact_cache__seed11__pricefixed","status":"success"}
{"local_units":2905599,"purchases":32,"run_id":"repeat_online__finite_uniform__seed11__pricefixed","status":"success"}
{"local_units":3523838,"purchases":32,"run_id":"repeat_online__value_uniform__seed11__pricefixed","status":"success"}
{"local_units":526311,"purchases":32,"run_id":"repeat_online__finite_tickets__seed11__pricefixed","status":"success"}
{"local_units":942986,"purchases":32,"run_id":"repeat_online__value_tickets__seed11__pricefixed","status":"success"}
{"local_units":6692235,"purchases":32,"run_id":"repeat_online__finite_uniform_enumeration__seed11__pricefixed","status":"success"}
{"local_units":2274379,"purchases":32,"run_id":"repeat_online__probability_cost__seed11__pricefixed","status":"success"}
{"local_units":2414668,"purchases":41,"run_id":"repeat_online__ordinary_combo__seed11__price0","status":"success"}
{"local_units":2387196,"purchases":44,"run_id":"repeat_online__ordinary_combo__seed11__price1_100000","status":"success"}
{"local_units":2196382,"purchases":22,"run_id":"repeat_online__ordinary_combo__seed11__price1_10000","status":"success"}
{"local_units":2156152,"purchases":20,"run_id":"repeat_online__ordinary_combo__seed11__price1_1000","status":"success"}
{"local_units":2155558,"purchases":20,"run_id":"repeat_online__ordinary_combo__seed11__price1_100","status":"success"}
{"local_units":3166658,"purchases":32,"run_id":"repeat_online__finite_uniform__seed29__pricefixed","status":"success"}
{"local_units":3703153,"purchases":32,"run_id":"repeat_online__value_uniform__seed29__pricefixed","status":"success"}
{"local_units":1584203,"purchases":32,"run_id":"repeat_online__finite_tickets__seed29__pricefixed","status":"success"}
{"local_units":2017130,"purchases":32,"run_id":"repeat_online__value_tickets__seed29__pricefixed","status":"success"}
{"local_units":7346914,"purchases":32,"run_id":"repeat_online__finite_uniform_enumeration__seed29__pricefixed","status":"success"}
{"local_units":2178563,"purchases":32,"run_id":"repeat_online__probability_cost__seed29__pricefixed","status":"success"}
{"local_units":2425760,"purchases":43,"run_id":"repeat_online__ordinary_combo__seed29__price0","status":"success"}
{"local_units":2404432,"purchases":45,"run_id":"repeat_online__ordinary_combo__seed29__price1_100000","status":"success"}
{"local_units":2151623,"purchases":22,"run_id":"repeat_online__ordinary_combo__seed29__price1_10000","status":"success"}
{"local_units":2115962,"purchases":20,"run_id":"repeat_online__ordinary_combo__seed29__price1_1000","status":"success"}
{"local_units":2111684,"purchases":20,"run_id":"repeat_online__ordinary_combo__seed29__price1_100","status":"success"}
{"local_units":545515,"purchases":32,"run_id":"repeat_online__finite_uniform__seed47__pricefixed","status":"success"}
{"local_units":1054814,"purchases":32,"run_id":"repeat_online__value_uniform__seed47__pricefixed","status":"success"}
{"local_units":1285407,"purchases":32,"run_id":"repeat_online__finite_tickets__seed47__pricefixed","status":"success"}
{"local_units":1824631,"purchases":32,"run_id":"repeat_online__value_tickets__seed47__pricefixed","status":"success"}
{"local_units":3279463,"purchases":32,"run_id":"repeat_online__finite_uniform_enumeration__seed47__pricefixed","status":"success"}
{"local_units":1836878,"purchases":32,"run_id":"repeat_online__probability_cost__seed47__pricefixed","status":"success"}
{"local_units":2416906,"purchases":42,"run_id":"repeat_online__ordinary_combo__seed47__price0","status":"success"}
{"local_units":2372165,"purchases":41,"run_id":"repeat_online__ordinary_combo__seed47__price1_100000","status":"success"}
{"local_units":2143226,"purchases":21,"run_id":"repeat_online__ordinary_combo__seed47__price1_10000","status":"success"}
{"local_units":2120868,"purchases":20,"run_id":"repeat_online__ordinary_combo__seed47__price1_1000","status":"success"}
{"local_units":2111592,"purchases":19,"run_id":"repeat_online__ordinary_combo__seed47__price1_100","status":"success"}
{"local_units":286948,"purchases":128,"run_id":"repeat_online__proof_enumeration__seed11__pricefixed","status":"success"}
{"local_units":266812,"purchases":128,"run_id":"repeat_online__proof_dpll__seed11__pricefixed","status":"success"}
{"local_units":18963792,"purchases":128,"run_id":"repeat_online__exact_enumeration__seed11__pricefixed","status":"success"}
{"local_units":6731428,"purchases":128,"run_id":"repeat_online__exact_dpll__seed11__pricefixed","status":"success"}
{"local_units":2100131,"purchases":28,"run_id":"repeat_online__exact_cache__seed11__pricefixed","status":"success"}
{"local_units":52621,"purchases":16,"run_id":"cheap_structure__finite_uniform__seed11__pricefixed","status":"success"}
{"local_units":65470,"purchases":16,"run_id":"cheap_structure__value_uniform__seed11__pricefixed","status":"success"}
{"local_units":58088,"purchases":16,"run_id":"cheap_structure__finite_tickets__seed11__pricefixed","status":"success"}
{"local_units":69567,"purchases":16,"run_id":"cheap_structure__value_tickets__seed11__pricefixed","status":"success"}
{"local_units":1831149,"purchases":16,"run_id":"cheap_structure__finite_uniform_enumeration__seed11__pricefixed","status":"success"}
{"local_units":44164,"purchases":16,"run_id":"cheap_structure__probability_cost__seed11__pricefixed","status":"success"}
{"local_units":59620,"purchases":4,"run_id":"cheap_structure__ordinary_combo__seed11__price0","status":"success"}
{"local_units":59620,"purchases":4,"run_id":"cheap_structure__ordinary_combo__seed11__price1_100000","status":"success"}
{"local_units":59127,"purchases":4,"run_id":"cheap_structure__ordinary_combo__seed11__price1_10000","status":"success"}
{"local_units":57575,"purchases":4,"run_id":"cheap_structure__ordinary_combo__seed11__price1_1000","status":"success"}
{"local_units":57575,"purchases":4,"run_id":"cheap_structure__ordinary_combo__seed11__price1_100","status":"success"}
{"local_units":54557,"purchases":16,"run_id":"cheap_structure__finite_uniform__seed29__pricefixed","status":"success"}
{"local_units":67637,"purchases":16,"run_id":"cheap_structure__value_uniform__seed29__pricefixed","status":"success"}
{"local_units":56192,"purchases":16,"run_id":"cheap_structure__finite_tickets__seed29__pricefixed","status":"success"}
{"local_units":68824,"purchases":16,"run_id":"cheap_structure__value_tickets__seed29__pricefixed","status":"success"}
{"local_units":1561389,"purchases":16,"run_id":"cheap_structure__finite_uniform_enumeration__seed29__pricefixed","status":"success"}
{"local_units":44324,"purchases":16,"run_id":"cheap_structure__probability_cost__seed29__pricefixed","status":"success"}
{"local_units":59620,"purchases":4,"run_id":"cheap_structure__ordinary_combo__seed29__price0","status":"success"}
{"local_units":59620,"purchases":4,"run_id":"cheap_structure__ordinary_combo__seed29__price1_100000","status":"success"}
{"local_units":58224,"purchases":4,"run_id":"cheap_structure__ordinary_combo__seed29__price1_10000","status":"success"}
{"local_units":57186,"purchases":4,"run_id":"cheap_structure__ordinary_combo__seed29__price1_1000","status":"success"}
{"local_units":57186,"purchases":4,"run_id":"cheap_structure__ordinary_combo__seed29__price1_100","status":"success"}
{"local_units":51702,"purchases":16,"run_id":"cheap_structure__finite_uniform__seed47__pricefixed","status":"success"}
{"local_units":64477,"purchases":16,"run_id":"cheap_structure__value_uniform__seed47__pricefixed","status":"success"}
{"local_units":61061,"purchases":16,"run_id":"cheap_structure__finite_tickets__seed47__pricefixed","status":"success"}
{"local_units":73744,"purchases":16,"run_id":"cheap_structure__value_tickets__seed47__pricefixed","status":"success"}
{"local_units":1978336,"purchases":16,"run_id":"cheap_structure__finite_uniform_enumeration__seed47__pricefixed","status":"success"}
{"local_units":44202,"purchases":16,"run_id":"cheap_structure__probability_cost__seed47__pricefixed","status":"success"}
{"local_units":59620,"purchases":4,"run_id":"cheap_structure__ordinary_combo__seed47__price0","status":"success"}
{"local_units":59620,"purchases":4,"run_id":"cheap_structure__ordinary_combo__seed47__price1_100000","status":"success"}
{"local_units":59127,"purchases":4,"run_id":"cheap_structure__ordinary_combo__seed47__price1_10000","status":"success"}
{"local_units":58460,"purchases":4,"run_id":"cheap_structure__ordinary_combo__seed47__price1_1000","status":"success"}
{"local_units":54811,"purchases":3,"run_id":"cheap_structure__ordinary_combo__seed47__price1_100","status":"success"}
{"local_units":115144,"purchases":64,"run_id":"cheap_structure__proof_enumeration__seed11__pricefixed","status":"success"}
{"local_units":48808,"purchases":64,"run_id":"cheap_structure__proof_dpll__seed11__pricefixed","status":"success"}
{"local_units":7506888,"purchases":64,"run_id":"cheap_structure__exact_enumeration__seed11__pricefixed","status":"success"}
{"local_units":48808,"purchases":64,"run_id":"cheap_structure__exact_dpll__seed11__pricefixed","status":"success"}
{"local_units":24515,"purchases":4,"run_id":"cheap_structure__exact_cache__seed11__pricefixed","status":"success"}
{"archive_bytes":1723371,"out":"/workspace/scratch/095cdac579b7/value_logic/v3/work_logs/P3_08_2026-10-10_S1/development/common_v1/run","runs":114}
