test_compiled_interchange_obeys_analytic_uniform_bound (test_v2_f14_calibration.CalibrationTests.test_compiled_interchange_obeys_analytic_uniform_bound) ... ok
test_two_disjoint_role_swaps_compose_and_commute (test_v2_f14_calibration.CalibrationTests.test_two_disjoint_role_swaps_compose_and_commute) ... ok
test_wrong_role_and_whole_layer_do_not_pass_as_intermediates (test_v2_f14_calibration.CalibrationTests.test_wrong_role_and_whole_layer_do_not_pass_as_intermediates) ... ok
test_candidate_ranking_does_not_let_decodability_hide_bad_interventions (test_v2_f14_neural.F14NeuralTests.test_candidate_ranking_does_not_let_decodability_hide_bad_interventions) ... ok
test_decoder_and_intervention_transport_without_refitting (test_v2_f14_neural.F14NeuralTests.test_decoder_and_intervention_transport_without_refitting) ... ok
test_default_config_freezes_disjoint_streams_and_capacity (test_v2_f14_neural.F14NeuralTests.test_default_config_freezes_disjoint_streams_and_capacity) ... ok
test_discovery_budgets_and_hashes_are_explicit (test_v2_f14_neural.F14NeuralTests.test_discovery_budgets_and_hashes_are_explicit) ... ok
test_global_and_input_dependent_scales_are_distinct_controls (test_v2_f14_neural.F14NeuralTests.test_global_and_input_dependent_scales_are_distinct_controls) ... ok
test_hash_failure_precedes_evaluation_generation (test_v2_f14_neural.F14NeuralTests.test_hash_failure_precedes_evaluation_generation) ... ok
test_inverse_total_cost_is_the_normalized_probability_explanation (test_v2_f14_neural.F14NeuralTests.test_inverse_total_cost_is_the_normalized_probability_explanation) ... ok
test_network_training_cannot_access_expected_cost_targets (test_v2_f14_neural.F14NeuralTests.test_network_training_cannot_access_expected_cost_targets) ... ok
test_outcome_training_labels_are_stochastic_binary (test_v2_f14_neural.F14NeuralTests.test_outcome_training_labels_are_stochastic_binary) ... ok
test_pair_strata_enforce_nontrivial_counterfactuals (test_v2_f14_neural.F14NeuralTests.test_pair_strata_enforce_nontrivial_counterfactuals) ... ok
test_small_development_end_to_end_reports_controls_without_scientific_pass (test_v2_f14_neural.F14NeuralTests.test_small_development_end_to_end_reports_controls_without_scientific_pass) ... ok
test_training_reproducible_and_counts_actual_outcomes (test_v2_f14_neural.F14NeuralTests.test_training_reproducible_and_counts_actual_outcomes) ... ok
test_unused_duplicate_refutes_decoding_as_causal_sufficiency (test_v2_f14_neural.F14NeuralTests.test_unused_duplicate_refutes_decoding_as_causal_sufficiency) ... ok
test_weighted_bce_gradient_by_finite_difference (test_v2_f14_neural.F14NeuralTests.test_weighted_bce_gradient_by_finite_difference) ... ok
test_wrong_donor_stream_is_fresh_same_stratum_marginal (test_v2_f14_neural.F14NeuralTests.test_wrong_donor_stream_is_fresh_same_stratum_marginal) ... ok
test_adjusted_effect_bound_uses_each_conditional_baseline (test_v2_f14_neural_contract.F14NeuralContractTests.test_adjusted_effect_bound_uses_each_conditional_baseline) ... ok
test_bad_conditional_baseline_blocks_an_otherwise_adequate_relation (test_v2_f14_neural_contract.F14NeuralContractTests.test_bad_conditional_baseline_blocks_an_otherwise_adequate_relation) ... ok
test_comparison_constant_array_rounding_is_not_a_false_failure (test_v2_f14_neural_contract.F14NeuralContractTests.test_comparison_constant_array_rounding_is_not_a_false_failure) ... ok
test_comparison_moments_cannot_be_inconsistent (test_v2_f14_neural_contract.F14NeuralContractTests.test_comparison_moments_cannot_be_inconsistent) ... ok
test_conditional_baseline_count_must_match_pairs (test_v2_f14_neural_contract.F14NeuralContractTests.test_conditional_baseline_count_must_match_pairs) ... ok
test_equal_stratum_pooling_targets_the_equal_mixture (test_v2_f14_neural_contract.F14NeuralContractTests.test_equal_stratum_pooling_targets_the_equal_mixture) ... ok
test_finite_claim_family_has_exact_planned_count (test_v2_f14_neural_contract.F14NeuralContractTests.test_finite_claim_family_has_exact_planned_count) ... ok
test_gauge_boolean_cannot_override_observed_transport_error (test_v2_f14_neural_contract.F14NeuralContractTests.test_gauge_boolean_cannot_override_observed_transport_error) ... ok
test_hoeffding_width_and_union_bound_are_applied (test_v2_f14_neural_contract.F14NeuralContractTests.test_hoeffding_width_and_union_bound_are_applied) ... ok
test_missing_rival_gauge_cannot_be_a_numerical_pass (test_v2_f14_neural_contract.F14NeuralContractTests.test_missing_rival_gauge_cannot_be_a_numerical_pass) ... ok
test_scale_comparison_partial_denominator_rejected (test_v2_f14_neural_contract.F14NeuralContractTests.test_scale_comparison_partial_denominator_rejected) ... ok
test_scale_separating_generator_produces_fixed_full_denominators (test_v2_f14_neural_contract.F14NeuralContractTests.test_scale_separating_generator_produces_fixed_full_denominators) ... ok
test_scale_total_denominator_mismatch_rejected (test_v2_f14_neural_contract.F14NeuralContractTests.test_scale_total_denominator_mismatch_rejected) ... ok
test_task_regret_normalization_is_the_exact_domain_bound (test_v2_f14_neural_contract.F14NeuralContractTests.test_task_regret_normalization_is_the_exact_domain_bound) ... ok
test_changed_budget_or_labels_rejected_even_with_valid_hash (test_v2_f14_protocol.FreezeContracts.test_changed_budget_or_labels_rejected_even_with_valid_hash) ... ok
test_configuration_binding_rejects_alternate_valid_object (test_v2_f14_protocol.FreezeContracts.test_configuration_binding_rejects_alternate_valid_object) ... ok
test_current_configuration_and_development_discovery (test_v2_f14_protocol.FreezeContracts.test_current_configuration_and_development_discovery) ... ok
test_dependency_closure_includes_parent_initializers_and_relative_imports (test_v2_f14_protocol.FreezeContracts.test_dependency_closure_includes_parent_initializers_and_relative_imports) ... ok
test_json_rejects_duplicates_nonfinite_and_overflow (test_v2_f14_protocol.FreezeContracts.test_json_rejects_duplicates_nonfinite_and_overflow) ... ok
test_manifest_cannot_be_overwritten_and_detects_changed_source (test_v2_f14_protocol.FreezeContracts.test_manifest_cannot_be_overwritten_and_detects_changed_source) ... ok
test_missing_control_or_per_role_budget_cannot_hide_in_aggregate (test_v2_f14_protocol.FreezeContracts.test_missing_control_or_per_role_budget_cannot_hide_in_aggregate) ... ok
test_saved_network_and_decoder_dimensions_preflighted (test_v2_f14_protocol.FreezeContracts.test_saved_network_and_decoder_dimensions_preflighted) ... ok
test_all_discovery_files_durable_before_any_evaluation (test_v2_f14_protocol.RunnerContracts.test_all_discovery_files_durable_before_any_evaluation) ... ok
test_evaluation_retry_reuses_cases_and_never_refits (test_v2_f14_protocol.RunnerContracts.test_evaluation_retry_reuses_cases_and_never_refits) ... ok
test_late_invalid_model_blocks_all_retention_exposure (test_v2_f14_protocol.RunnerContracts.test_late_invalid_model_blocks_all_retention_exposure) ... ok
test_preparation_retry_reuses_completed_model_and_is_bounded (test_v2_f14_protocol.RunnerContracts.test_preparation_retry_reuses_completed_model_and_is_bounded) ... ok
test_retry_requires_reason_and_original_preparation_digest (test_v2_f14_protocol.RunnerContracts.test_retry_requires_reason_and_original_preparation_digest) ... ok
test_adaptive_acquisition_skips_sufficient_retained_information (test_v2_f14_retention.RetentionDevelopment.test_adaptive_acquisition_skips_sufficient_retained_information) ... ok
test_adaptive_mean_repair_does_not_read_full_law (test_v2_f14_retention.RetentionDevelopment.test_adaptive_mean_repair_does_not_read_full_law) ... ok
test_budget_failure_is_not_partial_success (test_v2_f14_retention.RetentionDevelopment.test_budget_failure_is_not_partial_success) ... ok
test_common_production_and_full_source_truth_are_explicit (test_v2_f14_retention.RetentionDevelopment.test_common_production_and_full_source_truth_are_explicit) ... ok
test_discarded_source_cannot_be_read_by_selective_solver (test_v2_f14_retention.RetentionDevelopment.test_discarded_source_cannot_be_read_by_selective_solver) ... ok
test_generator_reproducibility_and_positive_revision_prices (test_v2_f14_retention.RetentionDevelopment.test_generator_reproducibility_and_positive_revision_prices) ... ok
test_generic_intervals_match_c4_specialized_sharp_geometry (test_v2_f14_retention.RetentionDevelopment.test_generic_intervals_match_c4_specialized_sharp_geometry) ... ok
test_known_marginals_reduce_fiber_and_full_joint_is_exact (test_v2_f14_retention.RetentionDevelopment.test_known_marginals_reduce_fiber_and_full_joint_is_exact) ... ok
test_minimal_and_redundant_profiles_have_identical_fibers (test_v2_f14_retention.RetentionDevelopment.test_minimal_and_redundant_profiles_have_identical_fibers) ... ok
test_native_primal_dual_and_current_receiver (test_v2_f14_retention.RetentionDevelopment.test_native_primal_dual_and_current_receiver) ... ok
test_path_values_match_separate_moment_compilation (test_v2_f14_retention.RetentionDevelopment.test_path_values_match_separate_moment_compilation) ... ok
test_receiver_and_unit_gap_sentinels (test_v2_f14_retention.RetentionDevelopment.test_receiver_and_unit_gap_sentinels) ... ok
test_reset_bits_match_actual_existing_native_attempts (test_v2_f14_retention.RetentionDevelopment.test_reset_bits_match_actual_existing_native_attempts) ... ok
test_resources_refusal_and_equal_access_panels (test_v2_f14_retention.RetentionDevelopment.test_resources_refusal_and_equal_access_panels) ... ok
test_same_law_regret_does_not_subtract_independent_endpoints (test_v2_f14_retention.RetentionDevelopment.test_same_law_regret_does_not_subtract_independent_endpoints) ... ok
test_two_new_mean_repair_matches_independent_full_fiber (test_v2_f14_retention.RetentionDevelopment.test_two_new_mean_repair_matches_independent_full_fiber) ... ok
test_withdrawal_removes_old_equations_and_acquisition_is_explicit (test_v2_f14_retention.RetentionDevelopment.test_withdrawal_removes_old_equations_and_acquisition_is_explicit) ... ok
test_actual_certified_regret_must_fit_the_coherent_bound (test_v2_f14_retention_contract.RetentionAssessmentContract.test_actual_certified_regret_must_fit_the_coherent_bound) ... ok
test_complete_development_grid_and_fallback_dispositions (test_v2_f14_retention_contract.RetentionAssessmentContract.test_complete_development_grid_and_fallback_dispositions) ... ok
test_duplicate_numeric_query_does_not_cover_all_orders (test_v2_f14_retention_contract.RetentionAssessmentContract.test_duplicate_numeric_query_does_not_cover_all_orders) ... ok
test_false_numerical_admission_is_rejected (test_v2_f14_retention_contract.RetentionAssessmentContract.test_false_numerical_admission_is_rejected) ... ok
test_false_received_native_proof_is_rejected (test_v2_f14_retention_contract.RetentionAssessmentContract.test_false_received_native_proof_is_rejected) ... ok
test_full_source_flag_must_match_its_actual_value (test_v2_f14_retention_contract.RetentionAssessmentContract.test_full_source_flag_must_match_its_actual_value) ... ok
test_missing_or_duplicated_control_is_rejected (test_v2_f14_retention_contract.RetentionAssessmentContract.test_missing_or_duplicated_control_is_rejected) ... ok
test_missing_or_reordered_sample_is_rejected (test_v2_f14_retention_contract.RetentionAssessmentContract.test_missing_or_reordered_sample_is_rejected) ... ok
test_negative_coherent_regret_is_not_a_certificate (test_v2_f14_retention_contract.RetentionAssessmentContract.test_negative_coherent_regret_is_not_a_certificate) ... ok
test_refusal_cannot_be_credited_as_safe_fallback (test_v2_f14_retention_contract.RetentionAssessmentContract.test_refusal_cannot_be_credited_as_safe_fallback) ... ok
test_selected_and_executed_order_indices_are_binding (test_v2_f14_retention_contract.RetentionAssessmentContract.test_selected_and_executed_order_indices_are_binding) ... ok
test_useful_proof_cannot_certify_an_unchosen_order (test_v2_f14_retention_contract.RetentionAssessmentContract.test_useful_proof_cannot_certify_an_unchosen_order) ... ok

----------------------------------------------------------------------
Ran 74 tests in 10.683s

OK
