{
  "schema": "F14-independent-lp-development-v1",
  "python": "3.12.14",
  "numpy": "2.3.5",
  "scipy": "1.17.0",
  "solver": "HiGHS via scipy.optimize.linprog",
  "development_seeds": [
    14101,
    14102
  ],
  "evaluation_generated": false,
  "lp_feasibility_tolerance": 1e-09,
  "comparison_tolerance": 1e-08,
  "f15_admission_tolerances_changed": false,
  "fiber_count": 100,
  "objectives": 2800,
  "lp_solves": 5600,
  "exact_primal_dual_checks": 2800,
  "maximum_endpoint_difference": 4.884981308350689e-15,
  "maximum_primal_residual": 1.7763568394002505e-15,
  "passed": true,
  "wall_seconds": 7.83260216799863
}
