{
  "schema": "f14-development-run-v1",
  "started_utc": "2026-10-05T00:15:16.836051+00:00",
  "evidence_type": "development_only",
  "environment": {
    "utc": "2026-10-05T00:15:16.836061+00:00",
    "python": "3.12.14 (main, Aug 25 2026, 14:00:49) [Clang 22.1.3 ]",
    "platform": "Linux-6.18.44-x86_64-with-glibc2.39",
    "machine": "x86_64",
    "numpy": "2.3.5",
    "thread_environment": {
      "OMP_NUM_THREADS": "1",
      "OPENBLAS_NUM_THREADS": "1",
      "MKL_NUM_THREADS": "1"
    },
    "bitwise_reproduction_across_hosts_promised": false
  },
  "held_out_evaluation_executed": false,
  "completed_utc": "2026-10-05T00:15:39.863348+00:00",
  "status": "development_complete",
  "wall_seconds": 23.02731666499858,
  "constructed_calibration_passed": true,
  "neural_interval_rows": 112
}
