{
  "schema": "F14-git-byte-transport-development-v1",
  "passed": true,
  "frozen_files_checked": 34,
  "raw_byte_mismatches": [],
  "checkout_core_autocrlf": true,
  "all_frozen_text_attributes_unset": true,
  "cloned_manifest_verification": {
    "verified": true,
    "protocol_id": "F14-v1",
    "manifest_sha256": "2346e05d89e618f44b2da233a68d32b9602cbdc0aeb5443b620ef9dd58d5617c",
    "config_sha256": "ea76f361eb1f2f055e6fa09096ba87fc5558bfe679982466e6de9543541d1918",
    "files": 34
  },
  "git_version": "git version 2.51.1",
  "windows_runtime_test": false,
  "evaluation_generated": false,
  "scope": "fresh Git checkout transport with core.autocrlf=true on current Linux host",
  "wall_seconds": 0.9000944110011915
}
