{
  "output": "v2/work_logs/F15_2026-10-04_S1/decision_information_analysis.json",
  "sha256": "fea54e4426f84448067835fcf766eb324778eb6b685fb9edf3f3679cd8bfdaf0",
  "mode": "check",
  "summary": {
    "rows": 1920,
    "decision_certified": 1588,
    "all_six_numeric_admitted": 1508,
    "all_six_numeric_exact": 1372,
    "decision_certified_with_some_numeric_refused": 80,
    "decision_certified_with_all_six_numeric_refused": 32,
    "certified_order_selected_numeric_refused": 24,
    "certified_selected_action_not_rectangular_certifiable": 22,
    "certified_decision_but_no_rectangular_action_certifiable": 22,
    "useful_native_but_no_rectangular_action_certifiable": 16,
    "joint_dispositions": [
      {
        "admitted_numeric_count": 0,
        "decision_status": "certified_fallback",
        "native_status": "insufficient_current_request",
        "native_role": "diagnostic_option_only",
        "rows": 16
      },
      {
        "admitted_numeric_count": 0,
        "decision_status": "certified_order",
        "native_status": "insufficient_current_request",
        "native_role": "selected_order",
        "rows": 2
      },
      {
        "admitted_numeric_count": 0,
        "decision_status": "certified_order",
        "native_status": "received",
        "native_role": "selected_order",
        "rows": 14
      },
      {
        "admitted_numeric_count": 0,
        "decision_status": "refusal_to_fallback",
        "native_status": "insufficient_current_request",
        "native_role": "diagnostic_option_only",
        "rows": 320
      },
      {
        "admitted_numeric_count": 2,
        "decision_status": "certified_fallback",
        "native_status": "insufficient_current_request",
        "native_role": "diagnostic_option_only",
        "rows": 6
      },
      {
        "admitted_numeric_count": 2,
        "decision_status": "certified_order",
        "native_status": "received",
        "native_role": "selected_order",
        "rows": 6
      },
      {
        "admitted_numeric_count": 2,
        "decision_status": "refusal_to_fallback",
        "native_status": "insufficient_current_request",
        "native_role": "diagnostic_option_only",
        "rows": 4
      },
      {
        "admitted_numeric_count": 2,
        "decision_status": "refusal_to_fallback",
        "native_status": "received",
        "native_role": "diagnostic_option_only",
        "rows": 8
      },
      {
        "admitted_numeric_count": 4,
        "decision_status": "certified_fallback",
        "native_status": "insufficient_current_request",
        "native_role": "diagnostic_option_only",
        "rows": 6
      },
      {
        "admitted_numeric_count": 4,
        "decision_status": "certified_order",
        "native_status": "received",
        "native_role": "selected_order",
        "rows": 30
      },
      {
        "admitted_numeric_count": 6,
        "decision_status": "certified_fallback",
        "native_status": "insufficient_current_request",
        "native_role": "diagnostic_option_only",
        "rows": 340
      },
      {
        "admitted_numeric_count": 6,
        "decision_status": "certified_order",
        "native_status": "received",
        "native_role": "selected_order",
        "rows": 1168
      }
    ],
    "largest_selected_rectangular_minus_coherent_regret": "30/19"
  },
  "useful_no_rectangular_action_distinct_episodes": 8
}
