{
  "schema": "f15-evaluation-attempt-v1",
  "freeze": {
    "verified": true,
    "protocol_id": "F14-v1",
    "manifest_sha256": "b860021d3cb26705196b75d6b13277135d0c9220c266b21e05d7d11e719b2f9c",
    "config_sha256": "ea76f361eb1f2f055e6fa09096ba87fc5558bfe679982466e6de9543541d1918",
    "files": 34
  },
  "started_utc": "2026-10-05T03:47:20.675387+00:00",
  "environment": {
    "utc": "2026-10-05T03:47:20.524032+00:00",
    "python": "3.12.14 (main, Aug 25 2026, 14:00:49) [Clang 22.1.3 ]",
    "platform": "Linux-6.18.44-x86_64-with-glibc2.39",
    "machine": "x86_64",
    "numpy": "2.3.5",
    "thread_environment": {
      "OMP_NUM_THREADS": "1",
      "OPENBLAS_NUM_THREADS": "1",
      "MKL_NUM_THREADS": "1"
    },
    "bitwise_reproduction_across_hosts_promised": false
  },
  "attempt": 1,
  "unchanged_unexplained_retry": false,
  "failure_note": null,
  "preserved_incomplete_artifacts": [],
  "reused_units": [],
  "generated_units": [
    "evaluation_attempt_1/retention_15101_unchanged.json",
    "evaluation_attempt_1/retention_15101_small_price.json",
    "evaluation_attempt_1/retention_15101_small_negative_price.json",
    "evaluation_attempt_1/retention_15101_large_price.json",
    "evaluation_attempt_1/retention_15101_large_negative_price.json",
    "evaluation_attempt_1/retention_15101_proportional.json",
    "evaluation_attempt_1/retention_15101_program_edit.json",
    "evaluation_attempt_1/retention_15101_known_marginals.json",
    "evaluation_attempt_1/retention_15101_withdrawal.json",
    "evaluation_attempt_1/retention_15101_source_drift.json",
    "evaluation_attempt_1/retention_15102_unchanged.json",
    "evaluation_attempt_1/retention_15102_small_price.json",
    "evaluation_attempt_1/retention_15102_small_negative_price.json",
    "evaluation_attempt_1/retention_15102_large_price.json",
    "evaluation_attempt_1/retention_15102_large_negative_price.json",
    "evaluation_attempt_1/retention_15102_proportional.json",
    "evaluation_attempt_1/retention_15102_program_edit.json",
    "evaluation_attempt_1/retention_15102_known_marginals.json",
    "evaluation_attempt_1/retention_15102_withdrawal.json",
    "evaluation_attempt_1/retention_15102_source_drift.json",
    "evaluation_attempt_1/retention_15103_unchanged.json",
    "evaluation_attempt_1/retention_15103_small_price.json",
    "evaluation_attempt_1/retention_15103_small_negative_price.json",
    "evaluation_attempt_1/retention_15103_large_price.json",
    "evaluation_attempt_1/retention_15103_large_negative_price.json",
    "evaluation_attempt_1/retention_15103_proportional.json",
    "evaluation_attempt_1/retention_15103_program_edit.json",
    "evaluation_attempt_1/retention_15103_known_marginals.json",
    "evaluation_attempt_1/retention_15103_withdrawal.json",
    "evaluation_attempt_1/retention_15103_source_drift.json",
    "evaluation_attempt_1/retention_15104_unchanged.json",
    "evaluation_attempt_1/retention_15104_small_price.json",
    "evaluation_attempt_1/retention_15104_small_negative_price.json",
    "evaluation_attempt_1/retention_15104_large_price.json",
    "evaluation_attempt_1/retention_15104_large_negative_price.json",
    "evaluation_attempt_1/retention_15104_proportional.json",
    "evaluation_attempt_1/retention_15104_program_edit.json",
    "evaluation_attempt_1/retention_15104_known_marginals.json",
    "evaluation_attempt_1/retention_15104_withdrawal.json",
    "evaluation_attempt_1/retention_15104_source_drift.json",
    "evaluation_attempt_1/retention_15105_unchanged.json",
    "evaluation_attempt_1/retention_15105_small_price.json",
    "evaluation_attempt_1/retention_15105_small_negative_price.json",
    "evaluation_attempt_1/retention_15105_large_price.json",
    "evaluation_attempt_1/retention_15105_large_negative_price.json",
    "evaluation_attempt_1/retention_15105_proportional.json",
    "evaluation_attempt_1/retention_15105_program_edit.json",
    "evaluation_attempt_1/retention_15105_known_marginals.json",
    "evaluation_attempt_1/retention_15105_withdrawal.json",
    "evaluation_attempt_1/retention_15105_source_drift.json",
    "evaluation_attempt_1/retention_15106_unchanged.json",
    "evaluation_attempt_1/retention_15106_small_price.json",
    "evaluation_attempt_1/retention_15106_small_negative_price.json",
    "evaluation_attempt_1/retention_15106_large_price.json",
    "evaluation_attempt_1/retention_15106_large_negative_price.json",
    "evaluation_attempt_1/retention_15106_proportional.json",
    "evaluation_attempt_1/retention_15106_program_edit.json",
    "evaluation_attempt_1/retention_15106_known_marginals.json",
    "evaluation_attempt_1/retention_15106_withdrawal.json",
    "evaluation_attempt_1/retention_15106_source_drift.json",
    "evaluation_attempt_1/retention_15107_unchanged.json",
    "evaluation_attempt_1/retention_15107_small_price.json",
    "evaluation_attempt_1/retention_15107_small_negative_price.json",
    "evaluation_attempt_1/retention_15107_large_price.json",
    "evaluation_attempt_1/retention_15107_large_negative_price.json",
    "evaluation_attempt_1/retention_15107_proportional.json",
    "evaluation_attempt_1/retention_15107_program_edit.json",
    "evaluation_attempt_1/retention_15107_known_marginals.json",
    "evaluation_attempt_1/retention_15107_withdrawal.json",
    "evaluation_attempt_1/retention_15107_source_drift.json",
    "evaluation_attempt_1/retention_15108_unchanged.json",
    "evaluation_attempt_1/retention_15108_small_price.json",
    "evaluation_attempt_1/retention_15108_small_negative_price.json",
    "evaluation_attempt_1/retention_15108_large_price.json",
    "evaluation_attempt_1/retention_15108_large_negative_price.json",
    "evaluation_attempt_1/retention_15108_proportional.json",
    "evaluation_attempt_1/retention_15108_program_edit.json",
    "evaluation_attempt_1/retention_15108_known_marginals.json",
    "evaluation_attempt_1/retention_15108_withdrawal.json",
    "evaluation_attempt_1/retention_15108_source_drift.json",
    "evaluation_attempt_1/retention_15109_unchanged.json",
    "evaluation_attempt_1/retention_15109_small_price.json",
    "evaluation_attempt_1/retention_15109_small_negative_price.json",
    "evaluation_attempt_1/retention_15109_large_price.json",
    "evaluation_attempt_1/retention_15109_large_negative_price.json",
    "evaluation_attempt_1/retention_15109_proportional.json",
    "evaluation_attempt_1/retention_15109_program_edit.json",
    "evaluation_attempt_1/retention_15109_known_marginals.json",
    "evaluation_attempt_1/retention_15109_withdrawal.json",
    "evaluation_attempt_1/retention_15109_source_drift.json",
    "evaluation_attempt_1/retention_15110_unchanged.json",
    "evaluation_attempt_1/retention_15110_small_price.json",
    "evaluation_attempt_1/retention_15110_small_negative_price.json",
    "evaluation_attempt_1/retention_15110_large_price.json",
    "evaluation_attempt_1/retention_15110_large_negative_price.json",
    "evaluation_attempt_1/retention_15110_proportional.json",
    "evaluation_attempt_1/retention_15110_program_edit.json",
    "evaluation_attempt_1/retention_15110_known_marginals.json",
    "evaluation_attempt_1/retention_15110_withdrawal.json",
    "evaluation_attempt_1/retention_15110_source_drift.json",
    "evaluation_attempt_1/retention_15111_unchanged.json",
    "evaluation_attempt_1/retention_15111_small_price.json",
    "evaluation_attempt_1/retention_15111_small_negative_price.json",
    "evaluation_attempt_1/retention_15111_large_price.json",
    "evaluation_attempt_1/retention_15111_large_negative_price.json",
    "evaluation_attempt_1/retention_15111_proportional.json",
    "evaluation_attempt_1/retention_15111_program_edit.json",
    "evaluation_attempt_1/retention_15111_known_marginals.json",
    "evaluation_attempt_1/retention_15111_withdrawal.json",
    "evaluation_attempt_1/retention_15111_source_drift.json",
    "evaluation_attempt_1/retention_15112_unchanged.json",
    "evaluation_attempt_1/retention_15112_small_price.json",
    "evaluation_attempt_1/retention_15112_small_negative_price.json",
    "evaluation_attempt_1/retention_15112_large_price.json",
    "evaluation_attempt_1/retention_15112_large_negative_price.json",
    "evaluation_attempt_1/retention_15112_proportional.json",
    "evaluation_attempt_1/retention_15112_program_edit.json",
    "evaluation_attempt_1/retention_15112_known_marginals.json",
    "evaluation_attempt_1/retention_15112_withdrawal.json",
    "evaluation_attempt_1/retention_15112_source_drift.json",
    "evaluation_attempt_1/retention_15113_unchanged.json",
    "evaluation_attempt_1/retention_15113_small_price.json",
    "evaluation_attempt_1/retention_15113_small_negative_price.json",
    "evaluation_attempt_1/retention_15113_large_price.json",
    "evaluation_attempt_1/retention_15113_large_negative_price.json",
    "evaluation_attempt_1/retention_15113_proportional.json",
    "evaluation_attempt_1/retention_15113_program_edit.json",
    "evaluation_attempt_1/retention_15113_known_marginals.json",
    "evaluation_attempt_1/retention_15113_withdrawal.json",
    "evaluation_attempt_1/retention_15113_source_drift.json",
    "evaluation_attempt_1/retention_15114_unchanged.json",
    "evaluation_attempt_1/retention_15114_small_price.json",
    "evaluation_attempt_1/retention_15114_small_negative_price.json",
    "evaluation_attempt_1/retention_15114_large_price.json",
    "evaluation_attempt_1/retention_15114_large_negative_price.json",
    "evaluation_attempt_1/retention_15114_proportional.json",
    "evaluation_attempt_1/retention_15114_program_edit.json",
    "evaluation_attempt_1/retention_15114_known_marginals.json",
    "evaluation_attempt_1/retention_15114_withdrawal.json",
    "evaluation_attempt_1/retention_15114_source_drift.json",
    "evaluation_attempt_1/retention_15115_unchanged.json",
    "evaluation_attempt_1/retention_15115_small_price.json",
    "evaluation_attempt_1/retention_15115_small_negative_price.json",
    "evaluation_attempt_1/retention_15115_large_price.json",
    "evaluation_attempt_1/retention_15115_large_negative_price.json",
    "evaluation_attempt_1/retention_15115_proportional.json",
    "evaluation_attempt_1/retention_15115_program_edit.json",
    "evaluation_attempt_1/retention_15115_known_marginals.json",
    "evaluation_attempt_1/retention_15115_withdrawal.json",
    "evaluation_attempt_1/retention_15115_source_drift.json",
    "evaluation_attempt_1/retention_15116_unchanged.json",
    "evaluation_attempt_1/retention_15116_small_price.json",
    "evaluation_attempt_1/retention_15116_small_negative_price.json",
    "evaluation_attempt_1/retention_15116_large_price.json",
    "evaluation_attempt_1/retention_15116_large_negative_price.json",
    "evaluation_attempt_1/retention_15116_proportional.json",
    "evaluation_attempt_1/retention_15116_program_edit.json",
    "evaluation_attempt_1/retention_15116_known_marginals.json",
    "evaluation_attempt_1/retention_15116_withdrawal.json",
    "evaluation_attempt_1/retention_15116_source_drift.json",
    "evaluation_attempt_1/model_0_evaluation.json",
    "evaluation_attempt_1/model_1_evaluation.json",
    "evaluation_attempt_1/model_2_evaluation.json",
    "evaluation_attempt_1/model_3_evaluation.json",
    "evaluation_attempt_1/model_4_evaluation.json"
  ],
  "preparation_manifest_sha256": "89a97b417c5862cf6b5aaf31bc9e9b9933e90a526dc6b9af57e0c548426a3041",
  "retention_cases": 160,
  "neural_models": 5,
  "retention_bounded_application_criterion_met": true,
  "neural_pilot_support_criterion_met": false,
  "retention_assessment_file": "evaluation_attempt_1/retention_assessment.json",
  "neural_assessment_file": "evaluation_attempt_1/neural_assessment.json",
  "completed_utc": "2026-10-05T03:50:24.452339+00:00",
  "status": "evaluation_complete",
  "observed_wall_seconds": 183.77652791700166,
  "observed_cpu_seconds": 183.75124093300002
}
